XML_ExternalEntityParserCreate
siphash24
appendAttributeValue
lookup
processInternalEntity
resolveSystemId
doContent
XML_Parse
XML_ErrorString
usage
XML_ParserCreateNS
start
end
start
end
ENTROPY_DEBUG
parserCreate
parserInit
XML_ParseBuffer
XML_GetBuffer
XML_GetInputContext
storeRawNames
storeAtts
addBinding
doCdataSection
doIgnoreSection
processXmlDecl
doProlog
storeAttributeValue
storeEntityValue
defineAttribute
dtdCreate
dtdCopy
hashTableIterInit
nextScaffoldPart
build_model
copyString
normal_scanPi
normal_scanEndTag
normal_scanRef
normal_scanAtts
normal_scanLt
normal_scanPercent
normal_scanPoundName
normal_prologTok
normal_updatePosition
_INTERNAL_trim_to_complete_utf8_characters
little2_scanPi
little2_scanEndTag
little2_scanRef
little2_scanAtts
little2_scanLt
little2_scanPercent
little2_scanPoundName
little2_prologTok
little2_updatePosition
big2_scanPi
big2_scanEndTag
big2_scanRef
big2_scanAtts
big2_scanLt
big2_scanPercent
big2_scanPoundName
big2_prologTok
big2_updatePosition
findEncoding
findEncodingNS
