[
    {
        "arguments": [
            "gcc",
            "-c",
            "-DHAVE_CONFIG_H",
            "-I.",
            "-I..",
            "-DXML_ENABLE_VISIBILITY=1",
            "-I./../lib",
            "-Wall",
            "-Wextra",
            "-fexceptions",
            "-fno-strict-aliasing",
            "-Wmissing-prototypes",
            "-Wstrict-prototypes",
            "-pedantic",
            "-Wduplicated-cond",
            "-Wduplicated-branches",
            "-Wlogical-op",
            "-Wrestrict",
            "-Wnull-dereference",
            "-Wjump-misses-init",
            "-Wdouble-promotion",
            "-Wshadow",
            "-Wformat=2",
            "-Wno-pedantic-ms-format",
            "-Wmisleading-indentation",
            "-fvisibility=hidden",
            "-g",
            "-O2",
            "-o",
            "elements.o",
            "elements.c"
        ],
        "directory": "/home/jonas/Repos/libexpat/expat/examples",
        "file": "/home/jonas/Repos/libexpat/expat/examples/elements.c",
        "output": "/home/jonas/Repos/libexpat/expat/examples/elements.o"
    },
    {
        "arguments": [
            "gcc",
            "-c",
            "-DHAVE_CONFIG_H",
            "-I.",
            "-I..",
            "-DXML_ENABLE_VISIBILITY=1",
            "-I./../lib",
            "-Wall",
            "-Wextra",
            "-fexceptions",
            "-fno-strict-aliasing",
            "-Wmissing-prototypes",
            "-Wstrict-prototypes",
            "-pedantic",
            "-Wduplicated-cond",
            "-Wduplicated-branches",
            "-Wlogical-op",
            "-Wrestrict",
            "-Wnull-dereference",
            "-Wjump-misses-init",
            "-Wdouble-promotion",
            "-Wshadow",
            "-Wformat=2",
            "-Wno-pedantic-ms-format",
            "-Wmisleading-indentation",
            "-fvisibility=hidden",
            "-g",
            "-O2",
            "-o",
            "outline.o",
            "outline.c"
        ],
        "directory": "/home/jonas/Repos/libexpat/expat/examples",
        "file": "/home/jonas/Repos/libexpat/expat/examples/outline.c",
        "output": "/home/jonas/Repos/libexpat/expat/examples/outline.o"
    },
    {
        "arguments": [
            "gcc",
            "-c",
            "-DHAVE_CONFIG_H",
            "-I.",
            "-I..",
            "-DXML_ENABLE_VISIBILITY=1",
            "-Wall",
            "-Wextra",
            "-fexceptions",
            "-fno-strict-aliasing",
            "-Wmissing-prototypes",
            "-Wstrict-prototypes",
            "-pedantic",
            "-Wduplicated-cond",
            "-Wduplicated-branches",
            "-Wlogical-op",
            "-Wrestrict",
            "-Wnull-dereference",
            "-Wjump-misses-init",
            "-Wdouble-promotion",
            "-Wshadow",
            "-Wformat=2",
            "-Wno-pedantic-ms-format",
            "-Wmisleading-indentation",
            "-fvisibility=hidden",
            "-g",
            "-O2",
            "-fPIC",
            "-DPIC",
            "-o",
            ".libs/xmlparse.o",
            "xmlparse.c"
        ],
        "directory": "/home/jonas/Repos/libexpat/expat/lib",
        "file": "/home/jonas/Repos/libexpat/expat/lib/xmlparse.c",
        "output": "/home/jonas/Repos/libexpat/expat/lib/.libs/xmlparse.o"
    },
    {
        "arguments": [
            "gcc",
            "-c",
            "-DHAVE_CONFIG_H",
            "-I.",
            "-I..",
            "-DXML_ENABLE_VISIBILITY=1",
            "-Wall",
            "-Wextra",
            "-fexceptions",
            "-fno-strict-aliasing",
            "-Wmissing-prototypes",
            "-Wstrict-prototypes",
            "-pedantic",
            "-Wduplicated-cond",
            "-Wduplicated-branches",
            "-Wlogical-op",
            "-Wrestrict",
            "-Wnull-dereference",
            "-Wjump-misses-init",
            "-Wdouble-promotion",
            "-Wshadow",
            "-Wformat=2",
            "-Wno-pedantic-ms-format",
            "-Wmisleading-indentation",
            "-fvisibility=hidden",
            "-g",
            "-O2",
            "-o",
            "xmlparse.o",
            "xmlparse.c"
        ],
        "directory": "/home/jonas/Repos/libexpat/expat/lib",
        "file": "/home/jonas/Repos/libexpat/expat/lib/xmlparse.c",
        "output": "/home/jonas/Repos/libexpat/expat/lib/xmlparse.o"
    },
    {
        "arguments": [
            "gcc",
            "-c",
            "-DHAVE_CONFIG_H",
            "-I.",
            "-I..",
            "-DXML_ENABLE_VISIBILITY=1",
            "-Wall",
            "-Wextra",
            "-fexceptions",
            "-fno-strict-aliasing",
            "-Wmissing-prototypes",
            "-Wstrict-prototypes",
            "-pedantic",
            "-Wduplicated-cond",
            "-Wduplicated-branches",
            "-Wlogical-op",
            "-Wrestrict",
            "-Wnull-dereference",
            "-Wjump-misses-init",
            "-Wdouble-promotion",
            "-Wshadow",
            "-Wformat=2",
            "-Wno-pedantic-ms-format",
            "-Wmisleading-indentation",
            "-fvisibility=hidden",
            "-g",
            "-O2",
            "-fPIC",
            "-DPIC",
            "-o",
            ".libs/xmlrole.o",
            "xmlrole.c"
        ],
        "directory": "/home/jonas/Repos/libexpat/expat/lib",
        "file": "/home/jonas/Repos/libexpat/expat/lib/xmlrole.c",
        "output": "/home/jonas/Repos/libexpat/expat/lib/.libs/xmlrole.o"
    },
    {
        "arguments": [
            "gcc",
            "-c",
            "-DHAVE_CONFIG_H",
            "-I.",
            "-I..",
            "-DXML_ENABLE_VISIBILITY=1",
            "-Wall",
            "-Wextra",
            "-fexceptions",
            "-fno-strict-aliasing",
            "-Wmissing-prototypes",
            "-Wstrict-prototypes",
            "-pedantic",
            "-Wduplicated-cond",
            "-Wduplicated-branches",
            "-Wlogical-op",
            "-Wrestrict",
            "-Wnull-dereference",
            "-Wjump-misses-init",
            "-Wdouble-promotion",
            "-Wshadow",
            "-Wformat=2",
            "-Wno-pedantic-ms-format",
            "-Wmisleading-indentation",
            "-fvisibility=hidden",
            "-g",
            "-O2",
            "-o",
            "xmlrole.o",
            "xmlrole.c"
        ],
        "directory": "/home/jonas/Repos/libexpat/expat/lib",
        "file": "/home/jonas/Repos/libexpat/expat/lib/xmlrole.c",
        "output": "/home/jonas/Repos/libexpat/expat/lib/xmlrole.o"
    },
    {
        "arguments": [
            "gcc",
            "-c",
            "-DHAVE_CONFIG_H",
            "-I.",
            "-I..",
            "-DXML_ENABLE_VISIBILITY=1",
            "-Wall",
            "-Wextra",
            "-fexceptions",
            "-fno-strict-aliasing",
            "-Wmissing-prototypes",
            "-Wstrict-prototypes",
            "-pedantic",
            "-Wduplicated-cond",
            "-Wduplicated-branches",
            "-Wlogical-op",
            "-Wrestrict",
            "-Wnull-dereference",
            "-Wjump-misses-init",
            "-Wdouble-promotion",
            "-Wshadow",
            "-Wformat=2",
            "-Wno-pedantic-ms-format",
            "-Wmisleading-indentation",
            "-fvisibility=hidden",
            "-g",
            "-O2",
            "-fPIC",
            "-DPIC",
            "-o",
            ".libs/xmltok.o",
            "xmltok.c"
        ],
        "directory": "/home/jonas/Repos/libexpat/expat/lib",
        "file": "/home/jonas/Repos/libexpat/expat/lib/xmltok.c",
        "output": "/home/jonas/Repos/libexpat/expat/lib/.libs/xmltok.o"
    },
    {
        "arguments": [
            "gcc",
            "-c",
            "-DHAVE_CONFIG_H",
            "-I.",
            "-I..",
            "-DXML_ENABLE_VISIBILITY=1",
            "-Wall",
            "-Wextra",
            "-fexceptions",
            "-fno-strict-aliasing",
            "-Wmissing-prototypes",
            "-Wstrict-prototypes",
            "-pedantic",
            "-Wduplicated-cond",
            "-Wduplicated-branches",
            "-Wlogical-op",
            "-Wrestrict",
            "-Wnull-dereference",
            "-Wjump-misses-init",
            "-Wdouble-promotion",
            "-Wshadow",
            "-Wformat=2",
            "-Wno-pedantic-ms-format",
            "-Wmisleading-indentation",
            "-fvisibility=hidden",
            "-g",
            "-O2",
            "-o",
            "xmltok.o",
            "xmltok.c"
        ],
        "directory": "/home/jonas/Repos/libexpat/expat/lib",
        "file": "/home/jonas/Repos/libexpat/expat/lib/xmltok.c",
        "output": "/home/jonas/Repos/libexpat/expat/lib/xmltok.o"
    },
    {
        "arguments": [
            "gcc",
            "-c",
            "-DHAVE_CONFIG_H",
            "-I.",
            "-I../..",
            "-DXML_ENABLE_VISIBILITY=1",
            "-I./../../lib",
            "-Wall",
            "-Wextra",
            "-fexceptions",
            "-fno-strict-aliasing",
            "-Wmissing-prototypes",
            "-Wstrict-prototypes",
            "-pedantic",
            "-Wduplicated-cond",
            "-Wduplicated-branches",
            "-Wlogical-op",
            "-Wrestrict",
            "-Wnull-dereference",
            "-Wjump-misses-init",
            "-Wdouble-promotion",
            "-Wshadow",
            "-Wformat=2",
            "-Wno-pedantic-ms-format",
            "-Wmisleading-indentation",
            "-fvisibility=hidden",
            "-g",
            "-O2",
            "-o",
            "benchmark.o",
            "benchmark.c"
        ],
        "directory": "/home/jonas/Repos/libexpat/expat/tests/benchmark",
        "file": "/home/jonas/Repos/libexpat/expat/tests/benchmark/benchmark.c",
        "output": "/home/jonas/Repos/libexpat/expat/tests/benchmark/benchmark.o"
    },
    {
        "arguments": [
            "gcc",
            "-c",
            "-DHAVE_CONFIG_H",
            "-I.",
            "-I..",
            "-DXML_ENABLE_VISIBILITY=1",
            "-I./../lib",
            "-Wall",
            "-Wextra",
            "-fexceptions",
            "-fno-strict-aliasing",
            "-Wmissing-prototypes",
            "-Wstrict-prototypes",
            "-pedantic",
            "-Wduplicated-cond",
            "-Wduplicated-branches",
            "-Wlogical-op",
            "-Wrestrict",
            "-Wnull-dereference",
            "-Wjump-misses-init",
            "-Wdouble-promotion",
            "-Wshadow",
            "-Wformat=2",
            "-Wno-pedantic-ms-format",
            "-Wmisleading-indentation",
            "-fvisibility=hidden",
            "-g",
            "-O2",
            "-o",
            "chardata.o",
            "chardata.c"
        ],
        "directory": "/home/jonas/Repos/libexpat/expat/tests",
        "file": "/home/jonas/Repos/libexpat/expat/tests/chardata.c",
        "output": "/home/jonas/Repos/libexpat/expat/tests/chardata.o"
    },
    {
        "arguments": [
            "gcc",
            "-c",
            "-DHAVE_CONFIG_H",
            "-I.",
            "-I..",
            "-DXML_ENABLE_VISIBILITY=1",
            "-I./../lib",
            "-Wall",
            "-Wextra",
            "-fexceptions",
            "-fno-strict-aliasing",
            "-Wmissing-prototypes",
            "-Wstrict-prototypes",
            "-pedantic",
            "-Wduplicated-cond",
            "-Wduplicated-branches",
            "-Wlogical-op",
            "-Wrestrict",
            "-Wnull-dereference",
            "-Wjump-misses-init",
            "-Wdouble-promotion",
            "-Wshadow",
            "-Wformat=2",
            "-Wno-pedantic-ms-format",
            "-Wmisleading-indentation",
            "-fvisibility=hidden",
            "-g",
            "-O2",
            "-o",
            "memcheck.o",
            "memcheck.c"
        ],
        "directory": "/home/jonas/Repos/libexpat/expat/tests",
        "file": "/home/jonas/Repos/libexpat/expat/tests/memcheck.c",
        "output": "/home/jonas/Repos/libexpat/expat/tests/memcheck.o"
    },
    {
        "arguments": [
            "gcc",
            "-c",
            "-DHAVE_CONFIG_H",
            "-I.",
            "-I..",
            "-DXML_ENABLE_VISIBILITY=1",
            "-I./../lib",
            "-Wall",
            "-Wextra",
            "-fexceptions",
            "-fno-strict-aliasing",
            "-Wmissing-prototypes",
            "-Wstrict-prototypes",
            "-pedantic",
            "-Wduplicated-cond",
            "-Wduplicated-branches",
            "-Wlogical-op",
            "-Wrestrict",
            "-Wnull-dereference",
            "-Wjump-misses-init",
            "-Wdouble-promotion",
            "-Wshadow",
            "-Wformat=2",
            "-Wno-pedantic-ms-format",
            "-Wmisleading-indentation",
            "-fvisibility=hidden",
            "-g",
            "-O2",
            "-o",
            "minicheck.o",
            "minicheck.c"
        ],
        "directory": "/home/jonas/Repos/libexpat/expat/tests",
        "file": "/home/jonas/Repos/libexpat/expat/tests/minicheck.c",
        "output": "/home/jonas/Repos/libexpat/expat/tests/minicheck.o"
    },
    {
        "arguments": [
            "gcc",
            "-c",
            "-DHAVE_CONFIG_H",
            "-I.",
            "-I..",
            "-DXML_ENABLE_VISIBILITY=1",
            "-I./../lib",
            "-Wall",
            "-Wextra",
            "-fexceptions",
            "-fno-strict-aliasing",
            "-Wmissing-prototypes",
            "-Wstrict-prototypes",
            "-pedantic",
            "-Wduplicated-cond",
            "-Wduplicated-branches",
            "-Wlogical-op",
            "-Wrestrict",
            "-Wnull-dereference",
            "-Wjump-misses-init",
            "-Wdouble-promotion",
            "-Wshadow",
            "-Wformat=2",
            "-Wno-pedantic-ms-format",
            "-Wmisleading-indentation",
            "-fvisibility=hidden",
            "-g",
            "-O2",
            "-o",
            "structdata.o",
            "structdata.c"
        ],
        "directory": "/home/jonas/Repos/libexpat/expat/tests",
        "file": "/home/jonas/Repos/libexpat/expat/tests/structdata.c",
        "output": "/home/jonas/Repos/libexpat/expat/tests/structdata.o"
    },
    {
        "arguments": [
            "gcc",
            "-c",
            "-DHAVE_CONFIG_H",
            "-I.",
            "-I..",
            "-DXML_ENABLE_VISIBILITY=1",
            "-I./../lib",
            "-Wall",
            "-Wextra",
            "-fexceptions",
            "-fno-strict-aliasing",
            "-Wmissing-prototypes",
            "-Wstrict-prototypes",
            "-pedantic",
            "-Wduplicated-cond",
            "-Wduplicated-branches",
            "-Wlogical-op",
            "-Wrestrict",
            "-Wnull-dereference",
            "-Wjump-misses-init",
            "-Wdouble-promotion",
            "-Wshadow",
            "-Wformat=2",
            "-Wno-pedantic-ms-format",
            "-Wmisleading-indentation",
            "-fvisibility=hidden",
            "-g",
            "-O2",
            "-o",
            "xmlwf-codepage.o",
            "codepage.c"
        ],
        "directory": "/home/jonas/Repos/libexpat/expat/xmlwf",
        "file": "/home/jonas/Repos/libexpat/expat/xmlwf/codepage.c",
        "output": "/home/jonas/Repos/libexpat/expat/xmlwf/xmlwf-codepage.o"
    },
    {
        "arguments": [
            "gcc",
            "-c",
            "-DHAVE_CONFIG_H",
            "-I.",
            "-I..",
            "-DXML_ENABLE_VISIBILITY=1",
            "-I./../lib",
            "-Wall",
            "-Wextra",
            "-fexceptions",
            "-fno-strict-aliasing",
            "-Wmissing-prototypes",
            "-Wstrict-prototypes",
            "-pedantic",
            "-Wduplicated-cond",
            "-Wduplicated-branches",
            "-Wlogical-op",
            "-Wrestrict",
            "-Wnull-dereference",
            "-Wjump-misses-init",
            "-Wdouble-promotion",
            "-Wshadow",
            "-Wformat=2",
            "-Wno-pedantic-ms-format",
            "-Wmisleading-indentation",
            "-fvisibility=hidden",
            "-g",
            "-O2",
            "-o",
            "xmlwf-unixfilemap.o",
            "unixfilemap.c"
        ],
        "directory": "/home/jonas/Repos/libexpat/expat/xmlwf",
        "file": "/home/jonas/Repos/libexpat/expat/xmlwf/unixfilemap.c",
        "output": "/home/jonas/Repos/libexpat/expat/xmlwf/xmlwf-unixfilemap.o"
    },
    {
        "arguments": [
            "gcc",
            "-c",
            "-DHAVE_CONFIG_H",
            "-I.",
            "-I..",
            "-DXML_ENABLE_VISIBILITY=1",
            "-I./../lib",
            "-Wall",
            "-Wextra",
            "-fexceptions",
            "-fno-strict-aliasing",
            "-Wmissing-prototypes",
            "-Wstrict-prototypes",
            "-pedantic",
            "-Wduplicated-cond",
            "-Wduplicated-branches",
            "-Wlogical-op",
            "-Wrestrict",
            "-Wnull-dereference",
            "-Wjump-misses-init",
            "-Wdouble-promotion",
            "-Wshadow",
            "-Wformat=2",
            "-Wno-pedantic-ms-format",
            "-Wmisleading-indentation",
            "-fvisibility=hidden",
            "-g",
            "-O2",
            "-o",
            "xmlwf-xmlfile.o",
            "xmlfile.c"
        ],
        "directory": "/home/jonas/Repos/libexpat/expat/xmlwf",
        "file": "/home/jonas/Repos/libexpat/expat/xmlwf/xmlfile.c",
        "output": "/home/jonas/Repos/libexpat/expat/xmlwf/xmlwf-xmlfile.o"
    },
    {
        "arguments": [
            "gcc",
            "-c",
            "-DHAVE_CONFIG_H",
            "-I.",
            "-I..",
            "-DXML_ENABLE_VISIBILITY=1",
            "-I./../lib",
            "-Wall",
            "-Wextra",
            "-fexceptions",
            "-fno-strict-aliasing",
            "-Wmissing-prototypes",
            "-Wstrict-prototypes",
            "-pedantic",
            "-Wduplicated-cond",
            "-Wduplicated-branches",
            "-Wlogical-op",
            "-Wrestrict",
            "-Wnull-dereference",
            "-Wjump-misses-init",
            "-Wdouble-promotion",
            "-Wshadow",
            "-Wformat=2",
            "-Wno-pedantic-ms-format",
            "-Wmisleading-indentation",
            "-fvisibility=hidden",
            "-g",
            "-O2",
            "-o",
            "xmlwf-xmlwf.o",
            "xmlwf.c"
        ],
        "directory": "/home/jonas/Repos/libexpat/expat/xmlwf",
        "file": "/home/jonas/Repos/libexpat/expat/xmlwf/xmlwf.c",
        "output": "/home/jonas/Repos/libexpat/expat/xmlwf/xmlwf-xmlwf.o"
    }
]
