[
    {
        "arguments": [
            "gcc",
            "-c",
            "-DHAVE_CONFIG_H",
            "-I.",
            "-I..",
            "-DXML_ENABLE_VISIBILITY=1",
            "-I./../lib",
            "-Wall",
            "-Wextra",
            "-fexceptions",
            "-fno-strict-aliasing",
            "-Wmissing-prototypes",
            "-Wstrict-prototypes",
            "-pedantic",
            "-Wduplicated-cond",
            "-Wduplicated-branches",
            "-Wlogical-op",
            "-Wrestrict",
            "-Wnull-dereference",
            "-Wjump-misses-init",
            "-Wdouble-promotion",
            "-Wshadow",
            "-Wformat=2",
            "-Wno-pedantic-ms-format",
            "-Wmisleading-indentation",
            "-fvisibility=hidden",
            "-g",
            "-O2",
            "-o",
            "chardata.o",
            "chardata.c"
        ],
        "directory": "/home/jonas/Repos/libexpat/expat/tests",
        "file": "chardata.c"
    },
    {
        "arguments": [
            "gcc",
            "-c",
            "-DHAVE_CONFIG_H",
            "-I.",
            "-I../..",
            "-DXML_ENABLE_VISIBILITY=1",
            "-I./../../lib",
            "-Wall",
            "-Wextra",
            "-fexceptions",
            "-fno-strict-aliasing",
            "-Wmissing-prototypes",
            "-Wstrict-prototypes",
            "-pedantic",
            "-Wduplicated-cond",
            "-Wduplicated-branches",
            "-Wlogical-op",
            "-Wrestrict",
            "-Wnull-dereference",
            "-Wjump-misses-init",
            "-Wdouble-promotion",
            "-Wshadow",
            "-Wformat=2",
            "-Wno-pedantic-ms-format",
            "-Wmisleading-indentation",
            "-fvisibility=hidden",
            "-g",
            "-O2",
            "-o",
            "benchmark.o",
            "benchmark.c"
        ],
        "directory": "/home/jonas/Repos/libexpat/expat/tests/benchmark",
        "file": "benchmark.c"
    },
    {
        "arguments": [
            "gcc",
            "-c",
            "-DHAVE_CONFIG_H",
            "-I.",
            "-I..",
            "-DXML_ENABLE_VISIBILITY=1",
            "-I./../lib",
            "-Wall",
            "-Wextra",
            "-fexceptions",
            "-fno-strict-aliasing",
            "-Wmissing-prototypes",
            "-Wstrict-prototypes",
            "-pedantic",
            "-Wduplicated-cond",
            "-Wduplicated-branches",
            "-Wlogical-op",
            "-Wrestrict",
            "-Wnull-dereference",
            "-Wjump-misses-init",
            "-Wdouble-promotion",
            "-Wshadow",
            "-Wformat=2",
            "-Wno-pedantic-ms-format",
            "-Wmisleading-indentation",
            "-fvisibility=hidden",
            "-g",
            "-O2",
            "-o",
            "elements.o",
            "elements.c"
        ],
        "directory": "/home/jonas/Repos/libexpat/expat/examples",
        "file": "elements.c"
    },
    {
        "arguments": [
            "gcc",
            "-c",
            "-DHAVE_CONFIG_H",
            "-I.",
            "-I..",
            "-DXML_ENABLE_VISIBILITY=1",
            "-Wall",
            "-Wextra",
            "-fexceptions",
            "-fno-strict-aliasing",
            "-Wmissing-prototypes",
            "-Wstrict-prototypes",
            "-pedantic",
            "-Wduplicated-cond",
            "-Wduplicated-branches",
            "-Wlogical-op",
            "-Wrestrict",
            "-Wnull-dereference",
            "-Wjump-misses-init",
            "-Wdouble-promotion",
            "-Wshadow",
            "-Wformat=2",
            "-Wno-pedantic-ms-format",
            "-Wmisleading-indentation",
            "-fvisibility=hidden",
            "-g",
            "-O2",
            "-fPIC",
            "-DPIC",
            "-o",
            ".libs/xmlparse.o",
            "xmlparse.c"
        ],
        "directory": "/home/jonas/Repos/libexpat/expat/lib",
        "file": "xmlparse.c"
    },
    {
        "arguments": [
            "gcc",
            "-c",
            "-DHAVE_CONFIG_H",
            "-I.",
            "-I..",
            "-DXML_ENABLE_VISIBILITY=1",
            "-Wall",
            "-Wextra",
            "-fexceptions",
            "-fno-strict-aliasing",
            "-Wmissing-prototypes",
            "-Wstrict-prototypes",
            "-pedantic",
            "-Wduplicated-cond",
            "-Wduplicated-branches",
            "-Wlogical-op",
            "-Wrestrict",
            "-Wnull-dereference",
            "-Wjump-misses-init",
            "-Wdouble-promotion",
            "-Wshadow",
            "-Wformat=2",
            "-Wno-pedantic-ms-format",
            "-Wmisleading-indentation",
            "-fvisibility=hidden",
            "-g",
            "-O2",
            "-o",
            "xmlparse.o",
            "xmlparse.c"
        ],
        "directory": "/home/jonas/Repos/libexpat/expat/lib",
        "file": "xmlparse.c"
    },
    {
        "arguments": [
            "gcc",
            "-c",
            "-DHAVE_CONFIG_H",
            "-I.",
            "-I..",
            "-DXML_ENABLE_VISIBILITY=1",
            "-I./../lib",
            "-Wall",
            "-Wextra",
            "-fexceptions",
            "-fno-strict-aliasing",
            "-Wmissing-prototypes",
            "-Wstrict-prototypes",
            "-pedantic",
            "-Wduplicated-cond",
            "-Wduplicated-branches",
            "-Wlogical-op",
            "-Wrestrict",
            "-Wnull-dereference",
            "-Wjump-misses-init",
            "-Wdouble-promotion",
            "-Wshadow",
            "-Wformat=2",
            "-Wno-pedantic-ms-format",
            "-Wmisleading-indentation",
            "-fvisibility=hidden",
            "-g",
            "-O2",
            "-o",
            "structdata.o",
            "structdata.c"
        ],
        "directory": "/home/jonas/Repos/libexpat/expat/tests",
        "file": "structdata.c"
    },
    {
        "arguments": [
            "gcc",
            "-c",
            "-DHAVE_CONFIG_H",
            "-I.",
            "-I..",
            "-DXML_ENABLE_VISIBILITY=1",
            "-Wall",
            "-Wextra",
            "-fexceptions",
            "-fno-strict-aliasing",
            "-Wmissing-prototypes",
            "-Wstrict-prototypes",
            "-pedantic",
            "-Wduplicated-cond",
            "-Wduplicated-branches",
            "-Wlogical-op",
            "-Wrestrict",
            "-Wnull-dereference",
            "-Wjump-misses-init",
            "-Wdouble-promotion",
            "-Wshadow",
            "-Wformat=2",
            "-Wno-pedantic-ms-format",
            "-Wmisleading-indentation",
            "-fvisibility=hidden",
            "-g",
            "-O2",
            "-o",
            "xmlrole.o",
            "xmlrole.c"
        ],
        "directory": "/home/jonas/Repos/libexpat/expat/lib",
        "file": "xmlrole.c"
    },
    {
        "arguments": [
            "gcc",
            "-c",
            "-DHAVE_CONFIG_H",
            "-I.",
            "-I..",
            "-DXML_ENABLE_VISIBILITY=1",
            "-I./../lib",
            "-Wall",
            "-Wextra",
            "-fexceptions",
            "-fno-strict-aliasing",
            "-Wmissing-prototypes",
            "-Wstrict-prototypes",
            "-pedantic",
            "-Wduplicated-cond",
            "-Wduplicated-branches",
            "-Wlogical-op",
            "-Wrestrict",
            "-Wnull-dereference",
            "-Wjump-misses-init",
            "-Wdouble-promotion",
            "-Wshadow",
            "-Wformat=2",
            "-Wno-pedantic-ms-format",
            "-Wmisleading-indentation",
            "-fvisibility=hidden",
            "-g",
            "-O2",
            "-o",
            "memcheck.o",
            "memcheck.c"
        ],
        "directory": "/home/jonas/Repos/libexpat/expat/tests",
        "file": "memcheck.c"
    },
    {
        "arguments": [
            "gcc",
            "-c",
            "-DHAVE_CONFIG_H",
            "-I.",
            "-I..",
            "-DXML_ENABLE_VISIBILITY=1",
            "-I./../lib",
            "-Wall",
            "-Wextra",
            "-fexceptions",
            "-fno-strict-aliasing",
            "-Wmissing-prototypes",
            "-Wstrict-prototypes",
            "-pedantic",
            "-Wduplicated-cond",
            "-Wduplicated-branches",
            "-Wlogical-op",
            "-Wrestrict",
            "-Wnull-dereference",
            "-Wjump-misses-init",
            "-Wdouble-promotion",
            "-Wshadow",
            "-Wformat=2",
            "-Wno-pedantic-ms-format",
            "-Wmisleading-indentation",
            "-fvisibility=hidden",
            "-g",
            "-O2",
            "-o",
            "xmlwf-codepage.o",
            "codepage.c"
        ],
        "directory": "/home/jonas/Repos/libexpat/expat/xmlwf",
        "file": "codepage.c"
    },
    {
        "arguments": [
            "gcc",
            "-c",
            "-DHAVE_CONFIG_H",
            "-I.",
            "-I..",
            "-DXML_ENABLE_VISIBILITY=1",
            "-I./../lib",
            "-Wall",
            "-Wextra",
            "-fexceptions",
            "-fno-strict-aliasing",
            "-Wmissing-prototypes",
            "-Wstrict-prototypes",
            "-pedantic",
            "-Wduplicated-cond",
            "-Wduplicated-branches",
            "-Wlogical-op",
            "-Wrestrict",
            "-Wnull-dereference",
            "-Wjump-misses-init",
            "-Wdouble-promotion",
            "-Wshadow",
            "-Wformat=2",
            "-Wno-pedantic-ms-format",
            "-Wmisleading-indentation",
            "-fvisibility=hidden",
            "-g",
            "-O2",
            "-o",
            "xmlwf-xmlfile.o",
            "xmlfile.c"
        ],
        "directory": "/home/jonas/Repos/libexpat/expat/xmlwf",
        "file": "xmlfile.c"
    },
    {
        "arguments": [
            "gcc",
            "-c",
            "-DHAVE_CONFIG_H",
            "-I.",
            "-I..",
            "-DXML_ENABLE_VISIBILITY=1",
            "-Wall",
            "-Wextra",
            "-fexceptions",
            "-fno-strict-aliasing",
            "-Wmissing-prototypes",
            "-Wstrict-prototypes",
            "-pedantic",
            "-Wduplicated-cond",
            "-Wduplicated-branches",
            "-Wlogical-op",
            "-Wrestrict",
            "-Wnull-dereference",
            "-Wjump-misses-init",
            "-Wdouble-promotion",
            "-Wshadow",
            "-Wformat=2",
            "-Wno-pedantic-ms-format",
            "-Wmisleading-indentation",
            "-fvisibility=hidden",
            "-g",
            "-O2",
            "-fPIC",
            "-DPIC",
            "-o",
            ".libs/xmltok.o",
            "xmltok.c"
        ],
        "directory": "/home/jonas/Repos/libexpat/expat/lib",
        "file": "xmltok.c"
    },
    {
        "arguments": [
            "gcc",
            "-c",
            "-DHAVE_CONFIG_H",
            "-I.",
            "-I..",
            "-DXML_ENABLE_VISIBILITY=1",
            "-Wall",
            "-Wextra",
            "-fexceptions",
            "-fno-strict-aliasing",
            "-Wmissing-prototypes",
            "-Wstrict-prototypes",
            "-pedantic",
            "-Wduplicated-cond",
            "-Wduplicated-branches",
            "-Wlogical-op",
            "-Wrestrict",
            "-Wnull-dereference",
            "-Wjump-misses-init",
            "-Wdouble-promotion",
            "-Wshadow",
            "-Wformat=2",
            "-Wno-pedantic-ms-format",
            "-Wmisleading-indentation",
            "-fvisibility=hidden",
            "-g",
            "-O2",
            "-fPIC",
            "-DPIC",
            "-o",
            ".libs/xmlrole.o",
            "xmlrole.c"
        ],
        "directory": "/home/jonas/Repos/libexpat/expat/lib",
        "file": "xmlrole.c"
    },
    {
        "arguments": [
            "gcc",
            "-c",
            "-DHAVE_CONFIG_H",
            "-I.",
            "-I..",
            "-DXML_ENABLE_VISIBILITY=1",
            "-Wall",
            "-Wextra",
            "-fexceptions",
            "-fno-strict-aliasing",
            "-Wmissing-prototypes",
            "-Wstrict-prototypes",
            "-pedantic",
            "-Wduplicated-cond",
            "-Wduplicated-branches",
            "-Wlogical-op",
            "-Wrestrict",
            "-Wnull-dereference",
            "-Wjump-misses-init",
            "-Wdouble-promotion",
            "-Wshadow",
            "-Wformat=2",
            "-Wno-pedantic-ms-format",
            "-Wmisleading-indentation",
            "-fvisibility=hidden",
            "-g",
            "-O2",
            "-o",
            "xmltok.o",
            "xmltok.c"
        ],
        "directory": "/home/jonas/Repos/libexpat/expat/lib",
        "file": "xmltok.c"
    },
    {
        "arguments": [
            "gcc",
            "-c",
            "-DHAVE_CONFIG_H",
            "-I.",
            "-I..",
            "-DXML_ENABLE_VISIBILITY=1",
            "-I./../lib",
            "-Wall",
            "-Wextra",
            "-fexceptions",
            "-fno-strict-aliasing",
            "-Wmissing-prototypes",
            "-Wstrict-prototypes",
            "-pedantic",
            "-Wduplicated-cond",
            "-Wduplicated-branches",
            "-Wlogical-op",
            "-Wrestrict",
            "-Wnull-dereference",
            "-Wjump-misses-init",
            "-Wdouble-promotion",
            "-Wshadow",
            "-Wformat=2",
            "-Wno-pedantic-ms-format",
            "-Wmisleading-indentation",
            "-fvisibility=hidden",
            "-g",
            "-O2",
            "-o",
            "outline.o",
            "outline.c"
        ],
        "directory": "/home/jonas/Repos/libexpat/expat/examples",
        "file": "outline.c"
    },
    {
        "arguments": [
            "gcc",
            "-c",
            "-DHAVE_CONFIG_H",
            "-I.",
            "-I..",
            "-DXML_ENABLE_VISIBILITY=1",
            "-I./../lib",
            "-Wall",
            "-Wextra",
            "-fexceptions",
            "-fno-strict-aliasing",
            "-Wmissing-prototypes",
            "-Wstrict-prototypes",
            "-pedantic",
            "-Wduplicated-cond",
            "-Wduplicated-branches",
            "-Wlogical-op",
            "-Wrestrict",
            "-Wnull-dereference",
            "-Wjump-misses-init",
            "-Wdouble-promotion",
            "-Wshadow",
            "-Wformat=2",
            "-Wno-pedantic-ms-format",
            "-Wmisleading-indentation",
            "-fvisibility=hidden",
            "-g",
            "-O2",
            "-o",
            "xmlwf-xmlwf.o",
            "xmlwf.c"
        ],
        "directory": "/home/jonas/Repos/libexpat/expat/xmlwf",
        "file": "xmlwf.c"
    },
    {
        "arguments": [
            "gcc",
            "-c",
            "-DHAVE_CONFIG_H",
            "-I.",
            "-I..",
            "-DXML_ENABLE_VISIBILITY=1",
            "-I./../lib",
            "-Wall",
            "-Wextra",
            "-fexceptions",
            "-fno-strict-aliasing",
            "-Wmissing-prototypes",
            "-Wstrict-prototypes",
            "-pedantic",
            "-Wduplicated-cond",
            "-Wduplicated-branches",
            "-Wlogical-op",
            "-Wrestrict",
            "-Wnull-dereference",
            "-Wjump-misses-init",
            "-Wdouble-promotion",
            "-Wshadow",
            "-Wformat=2",
            "-Wno-pedantic-ms-format",
            "-Wmisleading-indentation",
            "-fvisibility=hidden",
            "-g",
            "-O2",
            "-o",
            "xmlwf-unixfilemap.o",
            "unixfilemap.c"
        ],
        "directory": "/home/jonas/Repos/libexpat/expat/xmlwf",
        "file": "unixfilemap.c"
    },
    {
        "arguments": [
            "gcc",
            "-c",
            "-DHAVE_CONFIG_H",
            "-I.",
            "-I..",
            "-DXML_ENABLE_VISIBILITY=1",
            "-I./../lib",
            "-Wall",
            "-Wextra",
            "-fexceptions",
            "-fno-strict-aliasing",
            "-Wmissing-prototypes",
            "-Wstrict-prototypes",
            "-pedantic",
            "-Wduplicated-cond",
            "-Wduplicated-branches",
            "-Wlogical-op",
            "-Wrestrict",
            "-Wnull-dereference",
            "-Wjump-misses-init",
            "-Wdouble-promotion",
            "-Wshadow",
            "-Wformat=2",
            "-Wno-pedantic-ms-format",
            "-Wmisleading-indentation",
            "-fvisibility=hidden",
            "-g",
            "-O2",
            "-o",
            "minicheck.o",
            "minicheck.c"
        ],
        "directory": "/home/jonas/Repos/libexpat/expat/tests",
        "file": "minicheck.c"
    }
]

