func_name;identity;result;runtime;driver;old_path;old_line;old_col;old_name;new_path;new_line;new_col;new_name
compile_length_quantifier_node;True;TIMEOUT;0:00:07.000672;/home/euf/.cache/euf/oniguruma-6c88510f/.harnesses/compile_length_quantifier_node_id.c;src/regcomp.c;1043;1;compile_length_quantifier_node;src/regcomp.c;1043;1;compile_length_quantifier_node
compile_quantifier_node;True;TIMEOUT;0:00:07.000531;/home/euf/.cache/euf/oniguruma-6c88510f/.harnesses/compile_quantifier_node_id.c;src/regcomp.c;1108;1;compile_quantifier_node;src/regcomp.c;1108;1;compile_quantifier_node
get_max_len;;DIFF_ARG_CNT;;;src/regcomp.c;2642;1;get_max_len;src/regcomp.c;2635;1;get_max_len
get_min_len;;DIFF_ARG_CNT;;;src/regcomp.c;2516;1;get_min_len;src/regcomp.c;2516;1;get_min_len
infinite_recursive_call_check;True;TIMEOUT;0:00:07.000491;/home/euf/.cache/euf/oniguruma-6c88510f/.harnesses/infinite_recursive_call_check_id.c;src/regcomp.c;2767;1;infinite_recursive_call_check;src/regcomp.c;2802;1;infinite_recursive_call_check
onig_compile;True;TIMEOUT;0:00:07.000517;/home/euf/.cache/euf/oniguruma-6c88510f/.harnesses/onig_compile_id.c;src/regcomp.c;5649;1;onig_compile;src/regcomp.c;5675;1;onig_compile
optimize_node_left;True;TIMEOUT;0:00:07.000570;/home/euf/.cache/euf/oniguruma-6c88510f/.harnesses/optimize_node_left_id.c;src/regcomp.c;4959;1;optimize_node_left;src/regcomp.c;4989;1;optimize_node_left
quantifiers_memory_node_info;True;SUCCESS_UNWIND_FAIL;0:00:05.480988;/home/euf/.cache/euf/oniguruma-6c88510f/.harnesses/quantifiers_memory_node_info_id.c;src/regcomp.c;3600;1;quantifiers_memory_node_info;src/regcomp.c;3634;1;quantifiers_memory_node_info
quantifiers_memory_node_info;False;FAILURE_UNWIND_FAIL;0:00:05.429525;/home/euf/.cache/euf/oniguruma-6c88510f/.harnesses/quantifiers_memory_node_info.c;src/regcomp.c;3600;1;quantifiers_memory_node_info;src/regcomp.c;3634;1;quantifiers_memory_node_info
setup_qtfr;True;TIMEOUT;0:00:07.000590;/home/euf/.cache/euf/oniguruma-6c88510f/.harnesses/setup_qtfr_id.c;src/regcomp.c;4115;1;setup_qtfr;src/regcomp.c;4149;1;setup_qtfr
