[{"called_function_change": {"old": {"displayname": "", "ident": {"type_spelling": "", "typing": "", "location": {"line": -1, "column": -1, "name": "", "_filepath": ""}, "is_function": false, "is_ptr": false, "is_const": false, "is_static": false}, "arguments": []}, "new": {"displayname": "onig_new(regex_t **, const OnigUChar *, const OnigUChar *, OnigOptionType, OnigEncoding, OnigSyntaxType *, OnigErrorInfo *)", "ident": {"type_spelling": "int", "typing": "int", "location": {"line": 5916, "column": 1, "name": "onig_new", "_filepath": "/home/euf/.cache/euf/oniguruma-a3c2df57/src/regcomp.c"}, "is_function": true, "is_ptr": false, "is_const": false, "is_static": false}, "arguments": [{"type_spelling": "struct re_pattern_buffer**", "typing": "pointer", "location": {"line": 5916, "column": 20, "name": "reg", "_filepath": "/home/euf/.cache/euf/oniguruma-a3c2df57/src/regcomp.c"}, "is_function": false, "is_ptr": true, "is_const": false, "is_static": false}, {"type_spelling": "unsigned char*", "typing": "uchar", "location": {"line": 5916, "column": 38, "name": "pattern", "_filepath": "/home/euf/.cache/euf/oniguruma-a3c2df57/src/regcomp.c"}, "is_function": false, "is_ptr": true, "is_const": true, "is_static": false}, {"type_spelling": "unsigned char*", "typing": "uchar", "location": {"line": 5916, "column": 60, "name": "pattern_end", "_filepath": "/home/euf/.cache/euf/oniguruma-a3c2df57/src/regcomp.c"}, "is_function": false, "is_ptr": true, "is_const": true, "is_static": false}, {"type_spelling": "unsigned int", "typing": "uint", "location": {"line": 5917, "column": 19, "name": "option", "_filepath": "/home/euf/.cache/euf/oniguruma-a3c2df57/src/regcomp.c"}, "is_function": false, "is_ptr": false, "is_const": false, "is_static": false}, {"type_spelling": "struct OnigEncodingTypeST*", "typing": "pointer", "location": {"line": 5917, "column": 40, "name": "enc", "_filepath": "/home/euf/.cache/euf/oniguruma-a3c2df57/src/regcomp.c"}, "is_function": false, "is_ptr": false, "is_const": false, "is_static": false}, {"type_spelling": "OnigSyntaxType*", "typing": "record", "location": {"line": 5917, "column": 61, "name": "syntax", "_filepath": "/home/euf/.cache/euf/oniguruma-a3c2df57/src/regcomp.c"}, "is_function": false, "is_ptr": true, "is_const": false, "is_static": false}, {"type_spelling": "OnigErrorInfo*", "typing": "record", "location": {"line": 5918, "column": 19, "name": "einfo", "_filepath": "/home/euf/.cache/euf/oniguruma-a3c2df57/src/regcomp.c"}, "is_function": false, "is_ptr": true, "is_const": false, "is_static": false}]}, "invokes_changed_functions": ["regcomp.c:5928:7:onig_compile()"], "direct_change": false, "point_of_divergence": {"line": -1, "column": -1, "name": "", "_filepath": ""}}, "call_location": {"line": 890, "column": 13, "name": "f_match", "_filepath": "/home/euf/Repos/jq/src/builtin.c"}}]