impacted_path;impacted_line;impacted_col;impacted_name;direct_change;old_path;old_line;old_col;old_name;new_path;new_line;new_col;new_name
src/builtin.c;890;13;f_match;False;;-1;-1;;src/regcomp.c;5916;1;onig_new
