direct_change;old_path;old_line;old_col;old_name;new_path;new_line;new_col;new_name
True;src/regcomp.c;1043;1;compile_length_quantifier_node;src/regcomp.c;1043;1;compile_length_quantifier_node
True;src/regcomp.c;1108;1;compile_quantifier_node;src/regcomp.c;1108;1;compile_quantifier_node
True;src/regcomp.c;2635;1;get_max_len;src/regcomp.c;2642;1;get_max_len
True;src/regcomp.c;2516;1;get_min_len;src/regcomp.c;2516;1;get_min_len
True;src/regcomp.c;2802;1;infinite_recursive_call_check;src/regcomp.c;2767;1;infinite_recursive_call_check
True;src/regcomp.c;5675;1;onig_compile;src/regcomp.c;5649;1;onig_compile
True;src/regcomp.c;4989;1;optimize_node_left;src/regcomp.c;4959;1;optimize_node_left
True;src/regcomp.c;3634;1;quantifiers_memory_node_info;src/regcomp.c;3600;1;quantifiers_memory_node_info
True;src/regcomp.c;4149;1;setup_qtfr;src/regcomp.c;4115;1;setup_qtfr
