func_name;identity;result;runtime;driver;old_path;old_line;old_col;old_name;new_path;new_line;new_col;new_name
swap_node;None;VOID_RET;;;src/regcomp.c;145;1;swap_node;src/regcomp.c;145;1;swap_node
compile_range_repeat_node;True;TIMEOUT;0:00:07.000755;/home/jonas/.cache/euf/oniguruma-d95bd55c/.harnesses/compile_range_repeat_node_id.c;src/regcomp.c;758;1;compile_range_repeat_node;src/regcomp.c;758;1;compile_range_repeat_node
is_anychar_star_quantifier;True;FAILURE;0:00:05.125276;/home/jonas/.cache/euf/oniguruma-d95bd55c/.harnesses/is_anychar_star_quantifier_id.c;src/regcomp.c;794;1;is_anychar_star_quantifier;src/regcomp.c;794;1;is_anychar_star_quantifier
compile_length_quantifier_node;True;TIMEOUT;0:00:07.000562;/home/jonas/.cache/euf/oniguruma-d95bd55c/.harnesses/compile_length_quantifier_node_id.c;src/regcomp.c;1043;1;compile_length_quantifier_node;src/regcomp.c;1043;1;compile_length_quantifier_node
compile_length_enclose_node;True;TIMEOUT;0:00:07.000667;/home/jonas/.cache/euf/oniguruma-d95bd55c/.harnesses/compile_length_enclose_node_id.c;src/regcomp.c;1282;1;compile_length_enclose_node;src/regcomp.c;1282;1;compile_length_enclose_node
compile_enclose_node;True;TIMEOUT;0:00:07.000747;/home/jonas/.cache/euf/oniguruma-d95bd55c/.harnesses/compile_enclose_node_id.c;src/regcomp.c;1353;1;compile_enclose_node;src/regcomp.c;1353;1;compile_enclose_node
compile_length_anchor_node;True;TIMEOUT;0:00:07.000689;/home/jonas/.cache/euf/oniguruma-d95bd55c/.harnesses/compile_length_anchor_node_id.c;src/regcomp.c;1462;1;compile_length_anchor_node;src/regcomp.c;1462;1;compile_length_anchor_node
compile_length_tree;True;TIMEOUT;0:00:07.000538;/home/jonas/.cache/euf/oniguruma-d95bd55c/.harnesses/compile_length_tree_id.c;src/regcomp.c;1580;1;compile_length_tree;src/regcomp.c;1580;1;compile_length_tree
compile_tree;True;TIMEOUT;0:00:07.000597;/home/jonas/.cache/euf/oniguruma-d95bd55c/.harnesses/compile_tree_id.c;src/regcomp.c;1673;1;compile_tree;src/regcomp.c;1671;1;compile_tree
noname_disable_map;True;NO_VCCS;0:00:05.479062;/home/jonas/.cache/euf/oniguruma-d95bd55c/.harnesses/noname_disable_map_id.c;src/regcomp.c;1842;1;noname_disable_map;src/regcomp.c;1841;1;noname_disable_map
renumber_by_map;True;FAILURE;0:00:05.029266;/home/jonas/.cache/euf/oniguruma-d95bd55c/.harnesses/renumber_by_map_id.c;src/regcomp.c;1929;1;renumber_by_map;src/regcomp.c;1928;1;renumber_by_map
numbered_ref_check;True;SUCCESS;0:00:05.026441;/home/jonas/.cache/euf/oniguruma-d95bd55c/.harnesses/numbered_ref_check_id.c;src/regcomp.c;1964;1;numbered_ref_check;src/regcomp.c;1962;1;numbered_ref_check
numbered_ref_check;False;NO_BODY;0:00:04.979258;/home/jonas/.cache/euf/oniguruma-d95bd55c/.harnesses/numbered_ref_check.c;src/regcomp.c;1964;1;numbered_ref_check;src/regcomp.c;1962;1;numbered_ref_check
unset_addr_list_fix;True;SUCCESS;0:00:05.077410;/home/jonas/.cache/euf/oniguruma-d95bd55c/.harnesses/unset_addr_list_fix_id.c;src/regcomp.c;2042;1;unset_addr_list_fix;src/regcomp.c;2039;1;unset_addr_list_fix
unset_addr_list_fix;False;NO_BODY;0:00:05.075032;/home/jonas/.cache/euf/oniguruma-d95bd55c/.harnesses/unset_addr_list_fix.c;src/regcomp.c;2042;1;unset_addr_list_fix;src/regcomp.c;2039;1;unset_addr_list_fix
get_char_length_tree1;True;FAILURE;0:00:06.126633;/home/jonas/.cache/euf/oniguruma-d95bd55c/.harnesses/get_char_length_tree1_id.c;src/regcomp.c;2066;1;get_char_length_tree1;src/regcomp.c;2063;1;get_char_length_tree1
get_head_value_node;True;SUCCESS;0:00:05.178426;/home/jonas/.cache/euf/oniguruma-d95bd55c/.harnesses/get_head_value_node_id.c;src/regcomp.c;2372;1;get_head_value_node;src/regcomp.c;2379;1;get_head_value_node
get_head_value_node;False;NO_BODY;0:00:05.027150;/home/jonas/.cache/euf/oniguruma-d95bd55c/.harnesses/get_head_value_node.c;src/regcomp.c;2372;1;get_head_value_node;src/regcomp.c;2379;1;get_head_value_node
check_type_tree;True;FAILURE;0:00:05.076245;/home/jonas/.cache/euf/oniguruma-d95bd55c/.harnesses/check_type_tree_id.c;src/regcomp.c;2459;1;check_type_tree;src/regcomp.c;2468;1;check_type_tree
get_min_len;True;TIMEOUT;0:00:07.000501;/home/jonas/.cache/euf/oniguruma-d95bd55c/.harnesses/get_min_len_id.c;src/regcomp.c;2506;1;get_min_len;src/regcomp.c;2516;1;get_min_len
get_max_len;True;TIMEOUT;0:00:07.000639;/home/jonas/.cache/euf/oniguruma-d95bd55c/.harnesses/get_max_len_id.c;src/regcomp.c;2636;1;get_max_len;src/regcomp.c;2645;1;get_max_len
subexp_inf_recursive_check;True;TIMEOUT;0:00:07.000642;/home/jonas/.cache/euf/oniguruma-d95bd55c/.harnesses/subexp_inf_recursive_check_id.c;src/regcomp.c;2764;1;subexp_inf_recursive_check;src/regcomp.c;2769;1;subexp_inf_recursive_check
subexp_inf_recursive_check_trav;True;TIMEOUT;0:00:07.000692;/home/jonas/.cache/euf/oniguruma-d95bd55c/.harnesses/subexp_inf_recursive_check_trav_id.c;src/regcomp.c;2848;1;subexp_inf_recursive_check_trav;src/regcomp.c;2845;1;subexp_inf_recursive_check_trav
subexp_recursive_check;True;FAILURE;0:00:05.077314;/home/jonas/.cache/euf/oniguruma-d95bd55c/.harnesses/subexp_recursive_check_id.c;src/regcomp.c;2898;1;subexp_recursive_check;src/regcomp.c;2887;1;subexp_recursive_check
subexp_recursive_check_trav;True;SUCCESS;0:00:05.227911;/home/jonas/.cache/euf/oniguruma-d95bd55c/.harnesses/subexp_recursive_check_trav_id.c;src/regcomp.c;2954;1;subexp_recursive_check_trav;src/regcomp.c;2937;1;subexp_recursive_check_trav
subexp_recursive_check_trav;False;NO_BODY;0:00:05.126173;/home/jonas/.cache/euf/oniguruma-d95bd55c/.harnesses/subexp_recursive_check_trav.c;src/regcomp.c;2954;1;subexp_recursive_check_trav;src/regcomp.c;2937;1;subexp_recursive_check_trav
setup_subexp_call;True;TIMEOUT;0:00:07.000563;/home/jonas/.cache/euf/oniguruma-d95bd55c/.harnesses/setup_subexp_call_id.c;src/regcomp.c;3020;1;setup_subexp_call;src/regcomp.c;3057;1;setup_subexp_call
divide_look_behind_alternatives;True;NO_VCCS;0:00:04.978614;/home/jonas/.cache/euf/oniguruma-d95bd55c/.harnesses/divide_look_behind_alternatives_id.c;src/regcomp.c;3133;1;divide_look_behind_alternatives;src/regcomp.c;3102;1;divide_look_behind_alternatives
next_setup;True;TIMEOUT;0:00:07.000623;/home/jonas/.cache/euf/oniguruma-d95bd55c/.harnesses/next_setup_id.c;src/regcomp.c;3188;1;next_setup;src/regcomp.c;3157;1;next_setup
quantifiers_memory_node_info;True;SUCCESS;0:00:05.024252;/home/jonas/.cache/euf/oniguruma-d95bd55c/.harnesses/quantifiers_memory_node_info_id.c;src/regcomp.c;3696;1;quantifiers_memory_node_info;src/regcomp.c;3662;1;quantifiers_memory_node_info
quantifiers_memory_node_info;False;NO_BODY;0:00:05.029328;/home/jonas/.cache/euf/oniguruma-d95bd55c/.harnesses/quantifiers_memory_node_info.c;src/regcomp.c;3696;1;quantifiers_memory_node_info;src/regcomp.c;3662;1;quantifiers_memory_node_info
setup_tree;True;TIMEOUT;0:00:07.000584;/home/jonas/.cache/euf/oniguruma-d95bd55c/.harnesses/setup_tree_id.c;src/regcomp.c;3775;1;setup_tree;src/regcomp.c;3740;1;setup_tree
optimize_node_left;True;TIMEOUT;0:00:07.000531;/home/jonas/.cache/euf/oniguruma-d95bd55c/.harnesses/optimize_node_left_id.c;src/regcomp.c;4676;1;optimize_node_left;src/regcomp.c;4635;1;optimize_node_left
onig_is_code_in_cc_len;None;DIFF_ARG_TYPE;;;src/regcomp.c;5742;1;onig_is_code_in_cc_len;src/regcomp.c;5697;1;onig_is_code_in_cc_len
onig_is_code_in_cc;True;SUCCESS;0:00:05.129043;/home/jonas/.cache/euf/oniguruma-d95bd55c/.harnesses/onig_is_code_in_cc_id.c;src/regcomp.c;5765;1;onig_is_code_in_cc;src/regcomp.c;5721;1;onig_is_code_in_cc
onig_is_code_in_cc;False;FAILURE;0:00:05.123543;/home/jonas/.cache/euf/oniguruma-d95bd55c/.harnesses/onig_is_code_in_cc.c;src/regcomp.c;5765;1;onig_is_code_in_cc;src/regcomp.c;5721;1;onig_is_code_in_cc
backref_match_at_nested_level;True;NO_VCCS;0:00:04.935549;/home/jonas/.cache/euf/oniguruma-d95bd55c/.harnesses/backref_match_at_nested_level_id.c;src/regexec.c;1137;12;backref_match_at_nested_level;src/regexec.c;1137;12;backref_match_at_nested_level
match_at;True;TIMEOUT;0:00:07.000618;/home/jonas/.cache/euf/oniguruma-d95bd55c/.harnesses/match_at_id.c;src/regexec.c;1293;1;match_at;src/regexec.c;1293;1;match_at
scan_env_add_mem_entry;True;TIMEOUT;0:00:07.000608;/home/jonas/.cache/euf/oniguruma-d95bd55c/.harnesses/scan_env_add_mem_entry_id.c;src/regparse.c;996;1;scan_env_add_mem_entry;src/regparse.c;996;1;scan_env_add_mem_entry
onig_node_free;None;VOID_RET;;;src/regparse.c;1044;1;onig_node_free;src/regparse.c;1046;1;onig_node_free
node_new_cclass;None;NO_ARGS;;;src/regparse.c;1133;1;node_new_cclass;src/regparse.c;1131;1;node_new_cclass
node_new_ctype;True;FAILURE;0:00:05.028281;/home/jonas/.cache/euf/oniguruma-d95bd55c/.harnesses/node_new_ctype_id.c;src/regparse.c;1144;1;node_new_ctype;src/regparse.c;1142;1;node_new_ctype
node_new_list;True;FAILURE;0:00:05.034561;/home/jonas/.cache/euf/oniguruma-d95bd55c/.harnesses/node_new_list_id.c;src/regparse.c;1166;1;node_new_list;src/regparse.c;1154;1;node_new_list
onig_node_new_alt;True;FAILURE;0:00:05.033856;/home/jonas/.cache/euf/oniguruma-d95bd55c/.harnesses/onig_node_new_alt_id.c;src/regparse.c;1202;1;onig_node_new_alt;src/regparse.c;1190;1;onig_node_new_alt
onig_node_new_anchor;True;FAILURE;0:00:05.028666;/home/jonas/.cache/euf/oniguruma-d95bd55c/.harnesses/onig_node_new_anchor_id.c;src/regparse.c;1214;1;onig_node_new_anchor;src/regparse.c;1202;1;onig_node_new_anchor
node_new_backref;True;FAILURE;0:00:05.180230;/home/jonas/.cache/euf/oniguruma-d95bd55c/.harnesses/node_new_backref_id.c;src/regparse.c;1226;1;node_new_backref;src/regparse.c;1214;1;node_new_backref
node_new_call;True;FAILURE;0:00:05.028844;/home/jonas/.cache/euf/oniguruma-d95bd55c/.harnesses/node_new_call_id.c;src/regparse.c;1277;1;node_new_call;src/regparse.c;1265;1;node_new_call
node_new_quantifier;True;FAILURE;0:00:04.974455;/home/jonas/.cache/euf/oniguruma-d95bd55c/.harnesses/node_new_quantifier_id.c;src/regparse.c;1291;1;node_new_quantifier;src/regparse.c;1279;1;node_new_quantifier
node_new_enclose;True;FAILURE;0:00:05.028893;/home/jonas/.cache/euf/oniguruma-d95bd55c/.harnesses/node_new_enclose_id.c;src/regparse.c;1315;1;node_new_enclose;src/regparse.c;1303;1;node_new_enclose
node_new_enclose_memory;True;FAILURE;0:00:05.031780;/home/jonas/.cache/euf/oniguruma-d95bd55c/.harnesses/node_new_enclose_memory_id.c;src/regparse.c;1336;1;node_new_enclose_memory;src/regparse.c;1324;1;node_new_enclose_memory
onig_node_conv_to_str_node;None;VOID_RET;;;src/regparse.c;1411;1;onig_node_conv_to_str_node;src/regparse.c;1399;1;onig_node_conv_to_str_node
node_new_str;True;TIMEOUT;0:00:07.000657;/home/jonas/.cache/euf/oniguruma-d95bd55c/.harnesses/node_new_str_id.c;src/regparse.c;1435;1;node_new_str;src/regparse.c;1423;1;node_new_str
is_invalid_quantifier_target;True;SUCCESS;0:00:05.025012;/home/jonas/.cache/euf/oniguruma-d95bd55c/.harnesses/is_invalid_quantifier_target_id.c;src/regparse.c;2063;1;is_invalid_quantifier_target;src/regparse.c;2051;1;is_invalid_quantifier_target
is_invalid_quantifier_target;False;NO_BODY;0:00:04.982300;/home/jonas/.cache/euf/oniguruma-d95bd55c/.harnesses/is_invalid_quantifier_target.c;src/regparse.c;2063;1;is_invalid_quantifier_target;src/regparse.c;2051;1;is_invalid_quantifier_target
parse_char_class;True;TIMEOUT;0:00:07.000668;/home/jonas/.cache/euf/oniguruma-d95bd55c/.harnesses/parse_char_class_id.c;src/regparse.c;4178;1;parse_char_class;src/regparse.c;4166;1;parse_char_class
parse_enclose;True;TIMEOUT;0:00:07.000627;/home/jonas/.cache/euf/oniguruma-d95bd55c/.harnesses/parse_enclose_id.c;src/regparse.c;4515;1;parse_enclose;src/regparse.c;4499;1;parse_enclose
set_quantifier;True;TIMEOUT;0:00:07.000723;/home/jonas/.cache/euf/oniguruma-d95bd55c/.harnesses/set_quantifier_id.c;src/regparse.c;4770;1;set_quantifier;src/regparse.c;4753;1;set_quantifier
parse_exp;True;TIMEOUT;0:00:07.000688;/home/jonas/.cache/euf/oniguruma-d95bd55c/.harnesses/parse_exp_id.c;src/regparse.c;4973;1;parse_exp;src/regparse.c;4955;1;parse_exp
parse_branch;True;TIMEOUT;0:00:07.000623;/home/jonas/.cache/euf/oniguruma-d95bd55c/.harnesses/parse_branch_id.c;src/regparse.c;5312;1;parse_branch;src/regparse.c;5294;1;parse_branch
