[{"called_function_change": {"old": {"displayname": "", "ident": {"spelling": "", "type_spelling": "", "typing": "", "is_function": false, "is_ptr": false, "is_const": false}, "location": {"line": -1, "column": -1, "filepath": "", "name": ""}, "arguments": []}, "new": {"displayname": "onig_search(regex_t *, const OnigUChar *, const OnigUChar *, const OnigUChar *, const OnigUChar *, OnigRegion *, OnigOptionType)", "ident": {"spelling": "onig_search", "type_spelling": "int", "typing": "int", "is_function": true, "is_ptr": false, "is_const": false}, "location": {"line": 3394, "column": 1, "filepath": "src/regexec.c", "name": "onig_search"}, "arguments": [{"spelling": "reg", "type_spelling": "struct re_pattern_buffer*", "typing": "record", "is_function": false, "is_ptr": true, "is_const": false}, {"spelling": "str", "type_spelling": "unsigned char*", "typing": "uchar", "is_function": false, "is_ptr": true, "is_const": true}, {"spelling": "end", "type_spelling": "unsigned char*", "typing": "uchar", "is_function": false, "is_ptr": true, "is_const": true}, {"spelling": "start", "type_spelling": "unsigned char*", "typing": "uchar", "is_function": false, "is_ptr": true, "is_const": true}, {"spelling": "range", "type_spelling": "unsigned char*", "typing": "uchar", "is_function": false, "is_ptr": true, "is_const": true}, {"spelling": "region", "type_spelling": "struct re_registers*", "typing": "record", "is_function": false, "is_ptr": true, "is_const": false}, {"spelling": "option", "type_spelling": "unsigned int", "typing": "uint", "is_function": false, "is_ptr": false, "is_const": false}]}, "invokes_changed_functions": ["src/regexec.c:3580:7:match_at()", "src/regexec.c:3631:13:match_at()", "src/regexec.c:3644:13:match_at()", "src/regexec.c:3661:7:match_at()", "src/regexec.c:3667:7:match_at()", "src/regexec.c:3698:13:match_at()", "src/regexec.c:3726:7:match_at()"], "direct_change": false, "point_of_divergence": {"line": -1, "column": -1, "filepath": "", "name": ""}}, "call_location": {"line": 908, "column": 15, "filepath": "src/builtin.c", "name": "f_match"}}]
