func_name;identity;result;runtime;driver;old_src;new_src
swap_node;None;VOID_RET;;;src/regcomp.c;src/regcomp.c
compile_range_repeat_node;True;TIMEOUT;0:00:07.000501;/home/jonas/.cache/euf/oniguruma-d95bd55c/.harnesses/compile_range_repeat_node_id.c;src/regcomp.c;src/regcomp.c
is_anychar_star_quantifier;True;FAILURE;0:00:04.975367;/home/jonas/.cache/euf/oniguruma-d95bd55c/.harnesses/is_anychar_star_quantifier_id.c;src/regcomp.c;src/regcomp.c
compile_length_quantifier_node;True;TIMEOUT;0:00:07.000944;/home/jonas/.cache/euf/oniguruma-d95bd55c/.harnesses/compile_length_quantifier_node_id.c;src/regcomp.c;src/regcomp.c
compile_length_enclose_node;True;TIMEOUT;0:00:07.000730;/home/jonas/.cache/euf/oniguruma-d95bd55c/.harnesses/compile_length_enclose_node_id.c;src/regcomp.c;src/regcomp.c
compile_enclose_node;True;TIMEOUT;0:00:07.000678;/home/jonas/.cache/euf/oniguruma-d95bd55c/.harnesses/compile_enclose_node_id.c;src/regcomp.c;src/regcomp.c
compile_length_anchor_node;True;TIMEOUT;0:00:07.001187;/home/jonas/.cache/euf/oniguruma-d95bd55c/.harnesses/compile_length_anchor_node_id.c;src/regcomp.c;src/regcomp.c
compile_length_tree;True;TIMEOUT;0:00:07.000692;/home/jonas/.cache/euf/oniguruma-d95bd55c/.harnesses/compile_length_tree_id.c;src/regcomp.c;src/regcomp.c
compile_tree;True;TIMEOUT;0:00:07.001106;/home/jonas/.cache/euf/oniguruma-d95bd55c/.harnesses/compile_tree_id.c;src/regcomp.c;src/regcomp.c
noname_disable_map;True;NO_VCCS;0:00:05.479352;/home/jonas/.cache/euf/oniguruma-d95bd55c/.harnesses/noname_disable_map_id.c;src/regcomp.c;src/regcomp.c
renumber_by_map;True;INTERRUPT;0:00:03.218197;/home/jonas/.cache/euf/oniguruma-d95bd55c/.harnesses/renumber_by_map_id.c;src/regcomp.c;src/regcomp.c
numbered_ref_check;True;INTERRUPT;0:00:00.653134;/home/jonas/.cache/euf/oniguruma-d95bd55c/.harnesses/numbered_ref_check_id.c;src/regcomp.c;src/regcomp.c
unset_addr_list_fix;True;INTERRUPT;0:00:00.538830;/home/jonas/.cache/euf/oniguruma-d95bd55c/.harnesses/unset_addr_list_fix_id.c;src/regcomp.c;src/regcomp.c
get_char_length_tree1;True;INTERRUPT;0:00:00.404780;/home/jonas/.cache/euf/oniguruma-d95bd55c/.harnesses/get_char_length_tree1_id.c;src/regcomp.c;src/regcomp.c
get_head_value_node;True;INTERRUPT;0:00:00.291966;/home/jonas/.cache/euf/oniguruma-d95bd55c/.harnesses/get_head_value_node_id.c;src/regcomp.c;src/regcomp.c
check_type_tree;True;INTERRUPT;0:00:00.290990;/home/jonas/.cache/euf/oniguruma-d95bd55c/.harnesses/check_type_tree_id.c;src/regcomp.c;src/regcomp.c
get_min_len;True;INTERRUPT;0:00:00.267899;/home/jonas/.cache/euf/oniguruma-d95bd55c/.harnesses/get_min_len_id.c;src/regcomp.c;src/regcomp.c
get_max_len;True;INTERRUPT;0:00:00.293346;/home/jonas/.cache/euf/oniguruma-d95bd55c/.harnesses/get_max_len_id.c;src/regcomp.c;src/regcomp.c
subexp_inf_recursive_check;True;INTERRUPT;0:00:00.292092;/home/jonas/.cache/euf/oniguruma-d95bd55c/.harnesses/subexp_inf_recursive_check_id.c;src/regcomp.c;src/regcomp.c
subexp_inf_recursive_check_trav;True;INTERRUPT;0:00:00.290645;/home/jonas/.cache/euf/oniguruma-d95bd55c/.harnesses/subexp_inf_recursive_check_trav_id.c;src/regcomp.c;src/regcomp.c
subexp_recursive_check;True;INTERRUPT;0:00:00.362269;/home/jonas/.cache/euf/oniguruma-d95bd55c/.harnesses/subexp_recursive_check_id.c;src/regcomp.c;src/regcomp.c
