func_name;identity;result;runtime;driver;old_path;old_line;old_col;old_name;new_path;new_line;new_col;new_name
ENTROPY_DEBUG;True;SUCCESS;0:00:04.324254;/home/jonas/.cache/euf/libexpat-10d34296/expat/.harnesses/ENTROPY_DEBUG_id.c;expat/lib/xmlparse.c;801;1;ENTROPY_DEBUG;expat/lib/xmlparse.c;891;1;ENTROPY_DEBUG
ENTROPY_DEBUG;False;SUCCESS_UNWIND_FAIL;0:00:04.423845;/home/jonas/.cache/euf/libexpat-10d34296/expat/.harnesses/ENTROPY_DEBUG.c;expat/lib/xmlparse.c;801;1;ENTROPY_DEBUG;expat/lib/xmlparse.c;891;1;ENTROPY_DEBUG
XML_ErrorString;True;SUCCESS;0:00:04.174264;/home/jonas/.cache/euf/libexpat-10d34296/expat/.harnesses/XML_ErrorString_id.c;expat/lib/xmlparse.c;2244;1;XML_ErrorString;expat/lib/xmlparse.c;2349;1;XML_ErrorString
XML_ErrorString;False;FAILURE;0:00:04.177690;/home/jonas/.cache/euf/libexpat-10d34296/expat/.harnesses/XML_ErrorString.c;expat/lib/xmlparse.c;2244;1;XML_ErrorString;expat/lib/xmlparse.c;2349;1;XML_ErrorString
XML_ExternalEntityParserCreate;;PREV_TIMEOUT;;;expat/lib/xmlparse.c;1148;1;XML_ExternalEntityParserCreate;expat/lib/xmlparse.c;1249;1;XML_ExternalEntityParserCreate
XML_GetBuffer;;PREV_TIMEOUT;;;expat/lib/xmlparse.c;1937;1;XML_GetBuffer;expat/lib/xmlparse.c;2037;1;XML_GetBuffer
XML_GetFeatureList;;NO_ARGS;;;expat/lib/xmlparse.c;2375;1;XML_GetFeatureList;expat/lib/xmlparse.c;2484;1;XML_GetFeatureList
XML_ParserCreateNS;;PREV_TIMEOUT;;;expat/lib/xmlparse.c;630;1;XML_ParserCreateNS;expat/lib/xmlparse.c;720;1;XML_ParserCreateNS
addBinding;;PREV_TIMEOUT;;;expat/lib/xmlparse.c;3443;1;addBinding;expat/lib/xmlparse.c;3823;1;addBinding
appendAttributeValue;;DIFF_ARG_CNT;;;expat/lib/xmlparse.c;5310;1;appendAttributeValue;expat/lib/xmlparse.c;5860;1;appendAttributeValue
big2_prologTok;;MISSING_COMPILE;;;expat/lib/xmltok_impl.c;1007;1;big2_prologTok;expat/lib/xmltok_impl.c;1015;1;big2_prologTok
big2_scanAtts;;MISSING_COMPILE;;;expat/lib/xmltok_impl.c;562;1;big2_scanAtts;expat/lib/xmltok_impl.c;570;1;big2_scanAtts
big2_scanEndTag;;MISSING_COMPILE;;;expat/lib/xmltok_impl.c;421;1;big2_scanEndTag;expat/lib/xmltok_impl.c;429;1;big2_scanEndTag
big2_scanLt;;MISSING_COMPILE;;;expat/lib/xmltok_impl.c;715;1;big2_scanLt;expat/lib/xmltok_impl.c;723;1;big2_scanLt
big2_scanPercent;;MISSING_COMPILE;;;expat/lib/xmltok_impl.c;913;1;big2_scanPercent;expat/lib/xmltok_impl.c;921;1;big2_scanPercent
big2_scanPi;;MISSING_COMPILE;;;expat/lib/xmltok_impl.c;266;1;big2_scanPi;expat/lib/xmltok_impl.c;274;1;big2_scanPi
big2_scanPoundName;;MISSING_COMPILE;;;expat/lib/xmltok_impl.c;943;1;big2_scanPoundName;expat/lib/xmltok_impl.c;951;1;big2_scanPoundName
big2_scanRef;;MISSING_COMPILE;;;expat/lib/xmltok_impl.c;534;1;big2_scanRef;expat/lib/xmltok_impl.c;542;1;big2_scanRef
build_model;;PREV_TIMEOUT;;;expat/lib/xmlparse.c;6853;1;build_model;expat/lib/xmlparse.c;7461;1;build_model
copyString;;PREV_TIMEOUT;;;expat/lib/xmlparse.c;6896;1;copyString;expat/lib/xmlparse.c;7611;1;copyString
defineAttribute;;PREV_TIMEOUT;;;expat/lib/xmlparse.c;5763;1;defineAttribute;expat/lib/xmlparse.c;6360;1;defineAttribute
doCdataSection;;DIFF_ARG_CNT;;;expat/lib/xmlparse.c;3578;1;doCdataSection;expat/lib/xmlparse.c;4013;1;doCdataSection
doContent;;DIFF_ARG_CNT;;;expat/lib/xmlparse.c;2577;1;doContent;expat/lib/xmlparse.c;2738;1;doContent
doIgnoreSection;;PREV_TIMEOUT;;;expat/lib/xmlparse.c;3711;1;doIgnoreSection;expat/lib/xmlparse.c;4155;1;doIgnoreSection
doProlog;;DIFF_ARG_CNT;;;expat/lib/xmlparse.c;4118;1;doProlog;expat/lib/xmlparse.c;4603;1;doProlog
dtdCopy;;PREV_TIMEOUT;;;expat/lib/xmlparse.c;6179;1;dtdCopy;expat/lib/xmlparse.c;6793;1;dtdCopy
dtdCreate;;PREV_TIMEOUT;;;expat/lib/xmlparse.c;6076;1;dtdCreate;expat/lib/xmlparse.c;6690;1;dtdCreate
findEncoding;;MISSING_COMPILE;;;expat/lib/xmltok_ns.c;90;1;findEncoding;expat/lib/xmltok_ns.c;94;1;findEncoding
findEncodingNS;;MISSING_COMPILE;;;expat/lib/xmltok_ns.c;90;1;findEncodingNS;expat/lib/xmltok_ns.c;94;1;findEncodingNS
little2_prologTok;;MISSING_COMPILE;;;expat/lib/xmltok_impl.c;1007;1;little2_prologTok;expat/lib/xmltok_impl.c;1015;1;little2_prologTok
little2_scanAtts;;MISSING_COMPILE;;;expat/lib/xmltok_impl.c;562;1;little2_scanAtts;expat/lib/xmltok_impl.c;570;1;little2_scanAtts
little2_scanEndTag;;MISSING_COMPILE;;;expat/lib/xmltok_impl.c;421;1;little2_scanEndTag;expat/lib/xmltok_impl.c;429;1;little2_scanEndTag
little2_scanLt;;MISSING_COMPILE;;;expat/lib/xmltok_impl.c;715;1;little2_scanLt;expat/lib/xmltok_impl.c;723;1;little2_scanLt
little2_scanPercent;;MISSING_COMPILE;;;expat/lib/xmltok_impl.c;913;1;little2_scanPercent;expat/lib/xmltok_impl.c;921;1;little2_scanPercent
little2_scanPi;;MISSING_COMPILE;;;expat/lib/xmltok_impl.c;266;1;little2_scanPi;expat/lib/xmltok_impl.c;274;1;little2_scanPi
little2_scanPoundName;;MISSING_COMPILE;;;expat/lib/xmltok_impl.c;943;1;little2_scanPoundName;expat/lib/xmltok_impl.c;951;1;little2_scanPoundName
little2_scanRef;;MISSING_COMPILE;;;expat/lib/xmltok_impl.c;534;1;little2_scanRef;expat/lib/xmltok_impl.c;542;1;little2_scanRef
lookup;;PREV_TIMEOUT;;;expat/lib/xmlparse.c;6403;1;lookup;expat/lib/xmlparse.c;7017;1;lookup
nextScaffoldPart;;PREV_TIMEOUT;;;expat/lib/xmlparse.c;6774;1;nextScaffoldPart;expat/lib/xmlparse.c;7400;1;nextScaffoldPart
normal_prologTok;;MISSING_COMPILE;;;expat/lib/xmltok_impl.c;1007;1;normal_prologTok;expat/lib/xmltok_impl.c;1015;1;normal_prologTok
normal_scanAtts;;MISSING_COMPILE;;;expat/lib/xmltok_impl.c;562;1;normal_scanAtts;expat/lib/xmltok_impl.c;570;1;normal_scanAtts
normal_scanEndTag;;MISSING_COMPILE;;;expat/lib/xmltok_impl.c;421;1;normal_scanEndTag;expat/lib/xmltok_impl.c;429;1;normal_scanEndTag
normal_scanLt;;MISSING_COMPILE;;;expat/lib/xmltok_impl.c;715;1;normal_scanLt;expat/lib/xmltok_impl.c;723;1;normal_scanLt
normal_scanPercent;;MISSING_COMPILE;;;expat/lib/xmltok_impl.c;913;1;normal_scanPercent;expat/lib/xmltok_impl.c;921;1;normal_scanPercent
normal_scanPi;;MISSING_COMPILE;;;expat/lib/xmltok_impl.c;266;1;normal_scanPi;expat/lib/xmltok_impl.c;274;1;normal_scanPi
normal_scanPoundName;;MISSING_COMPILE;;;expat/lib/xmltok_impl.c;943;1;normal_scanPoundName;expat/lib/xmltok_impl.c;951;1;normal_scanPoundName
normal_scanRef;;MISSING_COMPILE;;;expat/lib/xmltok_impl.c;534;1;normal_scanRef;expat/lib/xmltok_impl.c;542;1;normal_scanRef
parserCreate;;PREV_TIMEOUT;;;expat/lib/xmlparse.c;882;1;parserCreate;expat/lib/xmlparse.c;971;1;parserCreate
parserInit;;VOID_RET;;;expat/lib/xmlparse.c;997;1;parserInit;expat/lib/xmlparse.c;1086;1;parserInit
poolGrow;;PREV_TIMEOUT;;;expat/lib/xmlparse.c;6670;1;poolGrow;expat/lib/xmlparse.c;7296;1;poolGrow
processInternalEntity;;PREV_TIMEOUT;;;expat/lib/xmlparse.c;5170;1;processInternalEntity;expat/lib/xmlparse.c;5705;1;processInternalEntity
processXmlDecl;;PREV_TIMEOUT;;;expat/lib/xmlparse.c;3816;1;processXmlDecl;expat/lib/xmlparse.c;4267;1;processXmlDecl
storeAttributeValue;;DIFF_ARG_CNT;;;expat/lib/xmlparse.c;5296;1;storeAttributeValue;expat/lib/xmlparse.c;5845;1;storeAttributeValue
storeAtts;;DIFF_ARG_CNT;;;expat/lib/xmlparse.c;3057;1;storeAtts;expat/lib/xmlparse.c;3240;1;storeAtts
storeEntityValue;;DIFF_ARG_CNT;;;expat/lib/xmlparse.c;5483;1;storeEntityValue;expat/lib/xmlparse.c;6060;1;storeEntityValue
storeRawNames;;PREV_TIMEOUT;;;expat/lib/xmlparse.c;2417;1;storeRawNames;expat/lib/xmlparse.c;2560;1;storeRawNames
usage;;VOID_RET;;;expat/xmlwf/xmlwf.c;861;1;usage;expat/xmlwf/xmlwf.c;874;1;usage
