[{"called_function_change": {"old": {"displayname": "", "ident": {"type_spelling": "", "typing": "", "location": {"line": -1, "column": -1, "filepath": "", "name": ""}, "is_function": false, "is_ptr": false, "is_const": false, "is_static": false}, "arguments": []}, "new": {"displayname": "XML_Parse(XML_Parser, const char *, int, int)", "ident": {"type_spelling": "enum XML_Status", "typing": "enum", "location": {"line": 1818, "column": 1, "filepath": "expat/lib/xmlparse.c", "name": "XML_Parse"}, "is_function": true, "is_ptr": false, "is_const": false, "is_static": false}, "arguments": [{"type_spelling": "struct XML_ParserStruct*", "typing": "pointer", "location": {"line": 1818, "column": 22, "filepath": "expat/lib/xmlparse.c", "name": "parser"}, "is_function": false, "is_ptr": false, "is_const": false, "is_static": false}, {"type_spelling": "char*", "typing": "char_s", "location": {"line": 1818, "column": 42, "filepath": "expat/lib/xmlparse.c", "name": "s"}, "is_function": false, "is_ptr": true, "is_const": true, "is_static": false}, {"type_spelling": "int", "typing": "int", "location": {"line": 1818, "column": 49, "filepath": "expat/lib/xmlparse.c", "name": "len"}, "is_function": false, "is_ptr": false, "is_const": false, "is_static": false}, {"type_spelling": "int", "typing": "int", "location": {"line": 1818, "column": 58, "filepath": "expat/lib/xmlparse.c", "name": "isFinal"}, "is_function": false, "is_ptr": false, "is_const": false, "is_static": false}]}, "invokes_changed_functions": ["expat/lib/xmlparse.c:1961:18:XML_GetBuffer()"], "direct_change": false, "point_of_divergence": {"line": -1, "column": -1, "filepath": "", "name": ""}}, "call_location": {"line": 39, "column": 8, "filepath": "sx/io.c", "name": "_sx_process_read"}}, {"called_function_change": {"old": {"displayname": "XML_ErrorString(enum XML_Error)", "ident": {"type_spelling": "char*", "typing": "char_s", "location": {"line": 2244, "column": 1, "filepath": "expat/lib/xmlparse.c", "name": "XML_ErrorString"}, "is_function": true, "is_ptr": true, "is_const": true, "is_static": false}, "arguments": [{"type_spelling": "enum XML_Error", "typing": "enum", "location": {"line": 2244, "column": 32, "filepath": "expat/lib/xmlparse.c", "name": "code"}, "is_function": false, "is_ptr": false, "is_const": false, "is_static": false}]}, "new": {"displayname": "XML_ErrorString(enum XML_Error)", "ident": {"type_spelling": "char*", "typing": "char_s", "location": {"line": 2349, "column": 1, "filepath": "expat/lib/xmlparse.c", "name": "XML_ErrorString"}, "is_function": true, "is_ptr": true, "is_const": true, "is_static": false}, "arguments": [{"type_spelling": "enum XML_Error", "typing": "enum", "location": {"line": 2349, "column": 32, "filepath": "expat/lib/xmlparse.c", "name": "code"}, "is_function": false, "is_ptr": false, "is_const": false, "is_static": false}]}, "invokes_changed_functions": [], "direct_change": true, "point_of_divergence": {"line": 2245, "column": 17, "filepath": "/home/jonas/.cache/euf/libexpat-10d34296/expat/lib/xmlparse.c", "name": ""}}, "call_location": {"line": 43, "column": 34, "filepath": "sx/io.c", "name": "_sx_process_read"}}, {"called_function_change": {"old": {"displayname": "XML_ErrorString(enum XML_Error)", "ident": {"type_spelling": "char*", "typing": "char_s", "location": {"line": 2244, "column": 1, "filepath": "expat/lib/xmlparse.c", "name": "XML_ErrorString"}, "is_function": true, "is_ptr": true, "is_const": true, "is_static": false}, "arguments": [{"type_spelling": "enum XML_Error", "typing": "enum", "location": {"line": 2244, "column": 32, "filepath": "expat/lib/xmlparse.c", "name": "code"}, "is_function": false, "is_ptr": false, "is_const": false, "is_static": false}]}, "new": {"displayname": "XML_ErrorString(enum XML_Error)", "ident": {"type_spelling": "char*", "typing": "char_s", "location": {"line": 2349, "column": 1, "filepath": "expat/lib/xmlparse.c", "name": "XML_ErrorString"}, "is_function": true, "is_ptr": true, "is_const": true, "is_static": false}, "arguments": [{"type_spelling": "enum XML_Error", "typing": "enum", "location": {"line": 2349, "column": 32, "filepath": "expat/lib/xmlparse.c", "name": "code"}, "is_function": false, "is_ptr": false, "is_const": false, "is_static": false}]}, "invokes_changed_functions": [], "direct_change": true, "point_of_divergence": {"line": 2245, "column": 17, "filepath": "/home/jonas/.cache/euf/libexpat-10d34296/expat/lib/xmlparse.c", "name": ""}}, "call_location": {"line": 70, "column": 30, "filepath": "sx/io.c", "name": "_sx_process_read"}}, {"called_function_change": {"old": {"displayname": "XML_ParserCreateNS(const XML_Char *, XML_Char)", "ident": {"type_spelling": "struct XML_ParserStruct*", "typing": "pointer", "location": {"line": 630, "column": 1, "filepath": "expat/lib/xmlparse.c", "name": "XML_ParserCreateNS"}, "is_function": true, "is_ptr": false, "is_const": false, "is_static": false}, "arguments": [{"type_spelling": "char*", "typing": "char_s", "location": {"line": 630, "column": 36, "filepath": "expat/lib/xmlparse.c", "name": "encodingName"}, "is_function": false, "is_ptr": true, "is_const": true, "is_static": false}, {"type_spelling": "char", "typing": "char_s", "location": {"line": 630, "column": 59, "filepath": "expat/lib/xmlparse.c", "name": "nsSep"}, "is_function": false, "is_ptr": false, "is_const": false, "is_static": false}]}, "new": {"displayname": "XML_ParserCreateNS(const XML_Char *, XML_Char)", "ident": {"type_spelling": "struct XML_ParserStruct*", "typing": "pointer", "location": {"line": 720, "column": 1, "filepath": "expat/lib/xmlparse.c", "name": "XML_ParserCreateNS"}, "is_function": true, "is_ptr": false, "is_const": false, "is_static": false}, "arguments": [{"type_spelling": "char*", "typing": "char_s", "location": {"line": 720, "column": 36, "filepath": "expat/lib/xmlparse.c", "name": "encodingName"}, "is_function": false, "is_ptr": true, "is_const": true, "is_static": false}, {"type_spelling": "char", "typing": "char_s", "location": {"line": 720, "column": 59, "filepath": "expat/lib/xmlparse.c", "name": "nsSep"}, "is_function": false, "is_ptr": false, "is_const": false, "is_static": false}]}, "invokes_changed_functions": [], "direct_change": true, "point_of_divergence": {"line": 631, "column": 12, "filepath": "/home/jonas/.cache/euf/libexpat-10d34296/expat/lib/xmlparse.c", "name": ""}}, "call_location": {"line": 36, "column": 16, "filepath": "sx/sx.c", "name": "sx_new"}}, {"called_function_change": {"old": {"displayname": "", "ident": {"type_spelling": "", "typing": "", "location": {"line": -1, "column": -1, "filepath": "", "name": ""}, "is_function": false, "is_ptr": false, "is_const": false, "is_static": false}, "arguments": []}, "new": {"displayname": "XML_Parse(XML_Parser, const char *, int, int)", "ident": {"type_spelling": "enum XML_Status", "typing": "enum", "location": {"line": 1818, "column": 1, "filepath": "expat/lib/xmlparse.c", "name": "XML_Parse"}, "is_function": true, "is_ptr": false, "is_const": false, "is_static": false}, "arguments": [{"type_spelling": "struct XML_ParserStruct*", "typing": "pointer", "location": {"line": 1818, "column": 22, "filepath": "expat/lib/xmlparse.c", "name": "parser"}, "is_function": false, "is_ptr": false, "is_const": false, "is_static": false}, {"type_spelling": "char*", "typing": "char_s", "location": {"line": 1818, "column": 42, "filepath": "expat/lib/xmlparse.c", "name": "s"}, "is_function": false, "is_ptr": true, "is_const": true, "is_static": false}, {"type_spelling": "int", "typing": "int", "location": {"line": 1818, "column": 49, "filepath": "expat/lib/xmlparse.c", "name": "len"}, "is_function": false, "is_ptr": false, "is_const": false, "is_static": false}, {"type_spelling": "int", "typing": "int", "location": {"line": 1818, "column": 58, "filepath": "expat/lib/xmlparse.c", "name": "isFinal"}, "is_function": false, "is_ptr": false, "is_const": false, "is_static": false}]}, "invokes_changed_functions": ["expat/lib/xmlparse.c:1961:18:XML_GetBuffer()"], "direct_change": false, "point_of_divergence": {"line": -1, "column": -1, "filepath": "", "name": ""}}, "call_location": {"line": 133, "column": 13, "filepath": "util/config.c", "name": "config_load_with_id"}}, {"called_function_change": {"old": {"displayname": "XML_ErrorString(enum XML_Error)", "ident": {"type_spelling": "char*", "typing": "char_s", "location": {"line": 2244, "column": 1, "filepath": "expat/lib/xmlparse.c", "name": "XML_ErrorString"}, "is_function": true, "is_ptr": true, "is_const": true, "is_static": false}, "arguments": [{"type_spelling": "enum XML_Error", "typing": "enum", "location": {"line": 2244, "column": 32, "filepath": "expat/lib/xmlparse.c", "name": "code"}, "is_function": false, "is_ptr": false, "is_const": false, "is_static": false}]}, "new": {"displayname": "XML_ErrorString(enum XML_Error)", "ident": {"type_spelling": "char*", "typing": "char_s", "location": {"line": 2349, "column": 1, "filepath": "expat/lib/xmlparse.c", "name": "XML_ErrorString"}, "is_function": true, "is_ptr": true, "is_const": true, "is_static": false}, "arguments": [{"type_spelling": "enum XML_Error", "typing": "enum", "location": {"line": 2349, "column": 32, "filepath": "expat/lib/xmlparse.c", "name": "code"}, "is_function": false, "is_ptr": false, "is_const": false, "is_static": false}]}, "invokes_changed_functions": [], "direct_change": true, "point_of_divergence": {"line": 2245, "column": 17, "filepath": "/home/jonas/.cache/euf/libexpat-10d34296/expat/lib/xmlparse.c", "name": ""}}, "call_location": {"line": 135, "column": 126, "filepath": "util/config.c", "name": "config_load_with_id"}}, {"called_function_change": {"old": {"displayname": "XML_ParserCreateNS(const XML_Char *, XML_Char)", "ident": {"type_spelling": "struct XML_ParserStruct*", "typing": "pointer", "location": {"line": 630, "column": 1, "filepath": "expat/lib/xmlparse.c", "name": "XML_ParserCreateNS"}, "is_function": true, "is_ptr": false, "is_const": false, "is_static": false}, "arguments": [{"type_spelling": "char*", "typing": "char_s", "location": {"line": 630, "column": 36, "filepath": "expat/lib/xmlparse.c", "name": "encodingName"}, "is_function": false, "is_ptr": true, "is_const": true, "is_static": false}, {"type_spelling": "char", "typing": "char_s", "location": {"line": 630, "column": 59, "filepath": "expat/lib/xmlparse.c", "name": "nsSep"}, "is_function": false, "is_ptr": false, "is_const": false, "is_static": false}]}, "new": {"displayname": "XML_ParserCreateNS(const XML_Char *, XML_Char)", "ident": {"type_spelling": "struct XML_ParserStruct*", "typing": "pointer", "location": {"line": 720, "column": 1, "filepath": "expat/lib/xmlparse.c", "name": "XML_ParserCreateNS"}, "is_function": true, "is_ptr": false, "is_const": false, "is_static": false}, "arguments": [{"type_spelling": "char*", "typing": "char_s", "location": {"line": 720, "column": 36, "filepath": "expat/lib/xmlparse.c", "name": "encodingName"}, "is_function": false, "is_ptr": true, "is_const": true, "is_static": false}, {"type_spelling": "char", "typing": "char_s", "location": {"line": 720, "column": 59, "filepath": "expat/lib/xmlparse.c", "name": "nsSep"}, "is_function": false, "is_ptr": false, "is_const": false, "is_static": false}]}, "invokes_changed_functions": [], "direct_change": true, "point_of_divergence": {"line": 631, "column": 12, "filepath": "/home/jonas/.cache/euf/libexpat-10d34296/expat/lib/xmlparse.c", "name": ""}}, "call_location": {"line": 1437, "column": 9, "filepath": "util/nad.c", "name": "nad_parse"}}, {"called_function_change": {"old": {"displayname": "", "ident": {"type_spelling": "", "typing": "", "location": {"line": -1, "column": -1, "filepath": "", "name": ""}, "is_function": false, "is_ptr": false, "is_const": false, "is_static": false}, "arguments": []}, "new": {"displayname": "XML_Parse(XML_Parser, const char *, int, int)", "ident": {"type_spelling": "enum XML_Status", "typing": "enum", "location": {"line": 1818, "column": 1, "filepath": "expat/lib/xmlparse.c", "name": "XML_Parse"}, "is_function": true, "is_ptr": false, "is_const": false, "is_static": false}, "arguments": [{"type_spelling": "struct XML_ParserStruct*", "typing": "pointer", "location": {"line": 1818, "column": 22, "filepath": "expat/lib/xmlparse.c", "name": "parser"}, "is_function": false, "is_ptr": false, "is_const": false, "is_static": false}, {"type_spelling": "char*", "typing": "char_s", "location": {"line": 1818, "column": 42, "filepath": "expat/lib/xmlparse.c", "name": "s"}, "is_function": false, "is_ptr": true, "is_const": true, "is_static": false}, {"type_spelling": "int", "typing": "int", "location": {"line": 1818, "column": 49, "filepath": "expat/lib/xmlparse.c", "name": "len"}, "is_function": false, "is_ptr": false, "is_const": false, "is_static": false}, {"type_spelling": "int", "typing": "int", "location": {"line": 1818, "column": 58, "filepath": "expat/lib/xmlparse.c", "name": "isFinal"}, "is_function": false, "is_ptr": false, "is_const": false, "is_static": false}]}, "invokes_changed_functions": ["expat/lib/xmlparse.c:1961:18:XML_GetBuffer()"], "direct_change": false, "point_of_divergence": {"line": -1, "column": -1, "filepath": "", "name": ""}}, "call_location": {"line": 1462, "column": 9, "filepath": "util/nad.c", "name": "nad_parse"}}]