func_name;identity;result;runtime;driver;old_path;old_line;old_col;old_name;new_path;new_line;new_col;new_name
compile_enclose_node;True;TIMEOUT;0:00:12.000565;/home/jonas/.cache/euf/oniguruma-d3d6a347/.harnesses/compile_enclose_node_id.c;src/regcomp.c;1353;1;compile_enclose_node;src/regcomp.c;1353;1;compile_enclose_node
compile_length_enclose_node;True;TIMEOUT;0:00:12.000776;/home/jonas/.cache/euf/oniguruma-d3d6a347/.harnesses/compile_length_enclose_node_id.c;src/regcomp.c;1282;1;compile_length_enclose_node;src/regcomp.c;1282;1;compile_length_enclose_node
compile_length_tree;True;TIMEOUT;0:00:12.000811;/home/jonas/.cache/euf/oniguruma-d3d6a347/.harnesses/compile_length_tree_id.c;src/regcomp.c;1580;1;compile_length_tree;src/regcomp.c;1580;1;compile_length_tree
compile_range_repeat_node;True;TIMEOUT;0:00:12.000560;/home/jonas/.cache/euf/oniguruma-d3d6a347/.harnesses/compile_range_repeat_node_id.c;src/regcomp.c;758;1;compile_range_repeat_node;src/regcomp.c;758;1;compile_range_repeat_node
compile_tree;True;TIMEOUT;0:00:12.000685;/home/jonas/.cache/euf/oniguruma-d3d6a347/.harnesses/compile_tree_id.c;src/regcomp.c;1673;1;compile_tree;src/regcomp.c;1673;1;compile_tree
get_char_length_tree1;True;TIMEOUT;0:00:12.000669;/home/jonas/.cache/euf/oniguruma-d3d6a347/.harnesses/get_char_length_tree1_id.c;src/regcomp.c;2066;1;get_char_length_tree1;src/regcomp.c;2066;1;get_char_length_tree1
get_max_len;True;TIMEOUT;0:00:12.000685;/home/jonas/.cache/euf/oniguruma-d3d6a347/.harnesses/get_max_len_id.c;src/regcomp.c;2636;1;get_max_len;src/regcomp.c;2638;1;get_max_len
get_min_len;True;TIMEOUT;0:00:12.000616;/home/jonas/.cache/euf/oniguruma-d3d6a347/.harnesses/get_min_len_id.c;src/regcomp.c;2508;1;get_min_len;src/regcomp.c;2508;1;get_min_len
next_setup;True;TIMEOUT;0:00:12.000630;/home/jonas/.cache/euf/oniguruma-d3d6a347/.harnesses/next_setup_id.c;src/regcomp.c;3196;1;next_setup;src/regcomp.c;3198;1;next_setup
noname_disable_map;True;TIMEOUT;0:00:12.000935;/home/jonas/.cache/euf/oniguruma-d3d6a347/.harnesses/noname_disable_map_id.c;src/regcomp.c;1842;1;noname_disable_map;src/regcomp.c;1842;1;noname_disable_map
numbered_ref_check;True;SUCCESS_UNWIND_FAIL;0:00:11.451173;/home/jonas/.cache/euf/oniguruma-d3d6a347/.harnesses/numbered_ref_check_id.c;src/regcomp.c;1964;1;numbered_ref_check;src/regcomp.c;1964;1;numbered_ref_check
numbered_ref_check;False;FAILURE_UNWIND_FAIL;0:00:11.441941;/home/jonas/.cache/euf/oniguruma-d3d6a347/.harnesses/numbered_ref_check.c;src/regcomp.c;1964;1;numbered_ref_check;src/regcomp.c;1964;1;numbered_ref_check
optimize_node_left;True;TIMEOUT;0:00:12.000747;/home/jonas/.cache/euf/oniguruma-d3d6a347/.harnesses/optimize_node_left_id.c;src/regcomp.c;4684;1;optimize_node_left;src/regcomp.c;4686;1;optimize_node_left
quantifiers_memory_node_info;True;SUCCESS_UNWIND_FAIL;0:00:11.152300;/home/jonas/.cache/euf/oniguruma-d3d6a347/.harnesses/quantifiers_memory_node_info_id.c;src/regcomp.c;3704;1;quantifiers_memory_node_info;src/regcomp.c;3706;1;quantifiers_memory_node_info
quantifiers_memory_node_info;False;FAILURE_UNWIND_FAIL;0:00:11.447471;/home/jonas/.cache/euf/oniguruma-d3d6a347/.harnesses/quantifiers_memory_node_info.c;src/regcomp.c;3704;1;quantifiers_memory_node_info;src/regcomp.c;3706;1;quantifiers_memory_node_info
renumber_node_backref;True;SUCCESS_UNWIND_FAIL;0:00:08.682433;/home/jonas/.cache/euf/oniguruma-d3d6a347/.harnesses/renumber_node_backref_id.c;src/regcomp.c;1901;1;renumber_node_backref;src/regcomp.c;1901;1;renumber_node_backref
renumber_node_backref;False;SUCCESS_UNWIND_FAIL;0:00:08.738303;/home/jonas/.cache/euf/oniguruma-d3d6a347/.harnesses/renumber_node_backref.c;src/regcomp.c;1901;1;renumber_node_backref;src/regcomp.c;1901;1;renumber_node_backref
setup_subexp_call;True;TIMEOUT;0:00:12.000479;/home/jonas/.cache/euf/oniguruma-d3d6a347/.harnesses/setup_subexp_call_id.c;src/regcomp.c;3028;1;setup_subexp_call;src/regcomp.c;3030;1;setup_subexp_call
setup_tree;True;TIMEOUT;0:00:12.000622;/home/jonas/.cache/euf/oniguruma-d3d6a347/.harnesses/setup_tree_id.c;src/regcomp.c;3783;1;setup_tree;src/regcomp.c;3785;1;setup_tree
subexp_inf_recursive_check;True;TIMEOUT;0:00:12.000749;/home/jonas/.cache/euf/oniguruma-d3d6a347/.harnesses/subexp_inf_recursive_check_id.c;src/regcomp.c;2764;1;subexp_inf_recursive_check;src/regcomp.c;2766;1;subexp_inf_recursive_check
subexp_inf_recursive_check_trav;True;TIMEOUT;0:00:12.001176;/home/jonas/.cache/euf/oniguruma-d3d6a347/.harnesses/subexp_inf_recursive_check_trav_id.c;src/regcomp.c;2848;1;subexp_inf_recursive_check_trav;src/regcomp.c;2850;1;subexp_inf_recursive_check_trav
subexp_recursive_check;True;TIMEOUT;0:00:12.000697;/home/jonas/.cache/euf/oniguruma-d3d6a347/.harnesses/subexp_recursive_check_id.c;src/regcomp.c;2902;1;subexp_recursive_check;src/regcomp.c;2904;1;subexp_recursive_check
subexp_recursive_check_trav;True;TIMEOUT;0:00:12.000688;/home/jonas/.cache/euf/oniguruma-d3d6a347/.harnesses/subexp_recursive_check_trav_id.c;src/regcomp.c;2958;1;subexp_recursive_check_trav;src/regcomp.c;2960;1;subexp_recursive_check_trav
unset_addr_list_fix;True;SUCCESS_UNWIND_FAIL;0:00:09.082490;/home/jonas/.cache/euf/oniguruma-d3d6a347/.harnesses/unset_addr_list_fix_id.c;src/regcomp.c;2042;1;unset_addr_list_fix;src/regcomp.c;2042;1;unset_addr_list_fix
unset_addr_list_fix;False;SUCCESS_UNWIND_FAIL;0:00:09.040505;/home/jonas/.cache/euf/oniguruma-d3d6a347/.harnesses/unset_addr_list_fix.c;src/regcomp.c;2042;1;unset_addr_list_fix;src/regcomp.c;2042;1;unset_addr_list_fix
