[{"called_function_change": {"old": {"displayname": "", "ident": {"spelling": "", "type_spelling": "", "typing": "", "is_function": false, "is_ptr": false, "is_const": false}, "location": {"line": -1, "column": -1, "filepath": "", "name": ""}, "arguments": []}, "new": {"displayname": "XML_Parse(XML_Parser, const char *, int, int)", "ident": {"spelling": "XML_Parse", "type_spelling": "enum XML_Status", "typing": "enum", "is_function": true, "is_ptr": false, "is_const": false}, "location": {"line": 1819, "column": 1, "filepath": "expat/lib/xmlparse.c", "name": "XML_Parse"}, "arguments": [{"spelling": "parser", "type_spelling": "struct XML_ParserStruct*", "typing": "pointer", "is_function": false, "is_ptr": false, "is_const": false}, {"spelling": "s", "type_spelling": "char*", "typing": "char_s", "is_function": false, "is_ptr": true, "is_const": true}, {"spelling": "len", "type_spelling": "int", "typing": "int", "is_function": false, "is_ptr": false, "is_const": false}, {"spelling": "isFinal", "type_spelling": "int", "typing": "int", "is_function": false, "is_ptr": false, "is_const": false}]}, "invokes_changed_functions": ["expat/lib/xmlparse.c:1962:18:XML_GetBuffer()", "expat/lib/xmlparse.c:1967:14:XML_ParseBuffer()"], "direct_change": false, "point_of_divergence": {"line": -1, "column": -1, "filepath": "", "name": ""}}, "call_location": {"line": 39, "column": 8, "filepath": "sx/io.c", "name": "_sx_process_read"}}, {"called_function_change": {"old": {"displayname": "XML_ErrorString(enum XML_Error)", "ident": {"spelling": "XML_ErrorString", "type_spelling": "char*", "typing": "char_s", "is_function": true, "is_ptr": true, "is_const": true}, "location": {"line": 2239, "column": 1, "filepath": "expat/lib/xmlparse.c", "name": "XML_ErrorString"}, "arguments": [{"spelling": "code", "type_spelling": "enum XML_Error", "typing": "enum", "is_function": false, "is_ptr": false, "is_const": false}]}, "new": {"displayname": "XML_ErrorString(enum XML_Error)", "ident": {"spelling": "XML_ErrorString", "type_spelling": "char*", "typing": "char_s", "is_function": true, "is_ptr": true, "is_const": true}, "location": {"line": 2350, "column": 1, "filepath": "expat/lib/xmlparse.c", "name": "XML_ErrorString"}, "arguments": [{"spelling": "code", "type_spelling": "enum XML_Error", "typing": "enum", "is_function": false, "is_ptr": false, "is_const": false}]}, "invokes_changed_functions": [], "direct_change": true, "point_of_divergence": {"line": 2240, "column": 17, "filepath": "/home/jonas/.cache/euf/libexpat-90ed5777/expat/lib/xmlparse.c", "name": ""}}, "call_location": {"line": 43, "column": 34, "filepath": "sx/io.c", "name": "_sx_process_read"}}, {"called_function_change": {"old": {"displayname": "XML_ErrorString(enum XML_Error)", "ident": {"spelling": "XML_ErrorString", "type_spelling": "char*", "typing": "char_s", "is_function": true, "is_ptr": true, "is_const": true}, "location": {"line": 2239, "column": 1, "filepath": "expat/lib/xmlparse.c", "name": "XML_ErrorString"}, "arguments": [{"spelling": "code", "type_spelling": "enum XML_Error", "typing": "enum", "is_function": false, "is_ptr": false, "is_const": false}]}, "new": {"displayname": "XML_ErrorString(enum XML_Error)", "ident": {"spelling": "XML_ErrorString", "type_spelling": "char*", "typing": "char_s", "is_function": true, "is_ptr": true, "is_const": true}, "location": {"line": 2350, "column": 1, "filepath": "expat/lib/xmlparse.c", "name": "XML_ErrorString"}, "arguments": [{"spelling": "code", "type_spelling": "enum XML_Error", "typing": "enum", "is_function": false, "is_ptr": false, "is_const": false}]}, "invokes_changed_functions": [], "direct_change": true, "point_of_divergence": {"line": 2240, "column": 17, "filepath": "/home/jonas/.cache/euf/libexpat-90ed5777/expat/lib/xmlparse.c", "name": ""}}, "call_location": {"line": 70, "column": 30, "filepath": "sx/io.c", "name": "_sx_process_read"}}, {"called_function_change": {"old": {"displayname": "XML_ParserCreateNS(const XML_Char *, XML_Char)", "ident": {"spelling": "XML_ParserCreateNS", "type_spelling": "struct XML_ParserStruct*", "typing": "pointer", "is_function": true, "is_ptr": false, "is_const": false}, "location": {"line": 631, "column": 1, "filepath": "expat/lib/xmlparse.c", "name": "XML_ParserCreateNS"}, "arguments": [{"spelling": "encodingName", "type_spelling": "char*", "typing": "char_s", "is_function": false, "is_ptr": true, "is_const": true}, {"spelling": "nsSep", "type_spelling": "char", "typing": "char_s", "is_function": false, "is_ptr": false, "is_const": false}]}, "new": {"displayname": "XML_ParserCreateNS(const XML_Char *, XML_Char)", "ident": {"spelling": "XML_ParserCreateNS", "type_spelling": "struct XML_ParserStruct*", "typing": "pointer", "is_function": true, "is_ptr": false, "is_const": false}, "location": {"line": 721, "column": 1, "filepath": "expat/lib/xmlparse.c", "name": "XML_ParserCreateNS"}, "arguments": [{"spelling": "encodingName", "type_spelling": "char*", "typing": "char_s", "is_function": false, "is_ptr": true, "is_const": true}, {"spelling": "nsSep", "type_spelling": "char", "typing": "char_s", "is_function": false, "is_ptr": false, "is_const": false}]}, "invokes_changed_functions": [], "direct_change": true, "point_of_divergence": {"line": 632, "column": 12, "filepath": "/home/jonas/.cache/euf/libexpat-90ed5777/expat/lib/xmlparse.c", "name": ""}}, "call_location": {"line": 36, "column": 16, "filepath": "sx/sx.c", "name": "sx_new"}}, {"called_function_change": {"old": {"displayname": "", "ident": {"spelling": "", "type_spelling": "", "typing": "", "is_function": false, "is_ptr": false, "is_const": false}, "location": {"line": -1, "column": -1, "filepath": "", "name": ""}, "arguments": []}, "new": {"displayname": "XML_Parse(XML_Parser, const char *, int, int)", "ident": {"spelling": "XML_Parse", "type_spelling": "enum XML_Status", "typing": "enum", "is_function": true, "is_ptr": false, "is_const": false}, "location": {"line": 1819, "column": 1, "filepath": "expat/lib/xmlparse.c", "name": "XML_Parse"}, "arguments": [{"spelling": "parser", "type_spelling": "struct XML_ParserStruct*", "typing": "pointer", "is_function": false, "is_ptr": false, "is_const": false}, {"spelling": "s", "type_spelling": "char*", "typing": "char_s", "is_function": false, "is_ptr": true, "is_const": true}, {"spelling": "len", "type_spelling": "int", "typing": "int", "is_function": false, "is_ptr": false, "is_const": false}, {"spelling": "isFinal", "type_spelling": "int", "typing": "int", "is_function": false, "is_ptr": false, "is_const": false}]}, "invokes_changed_functions": ["expat/lib/xmlparse.c:1962:18:XML_GetBuffer()", "expat/lib/xmlparse.c:1967:14:XML_ParseBuffer()"], "direct_change": false, "point_of_divergence": {"line": -1, "column": -1, "filepath": "", "name": ""}}, "call_location": {"line": 133, "column": 13, "filepath": "util/config.c", "name": "config_load_with_id"}}, {"called_function_change": {"old": {"displayname": "XML_ErrorString(enum XML_Error)", "ident": {"spelling": "XML_ErrorString", "type_spelling": "char*", "typing": "char_s", "is_function": true, "is_ptr": true, "is_const": true}, "location": {"line": 2239, "column": 1, "filepath": "expat/lib/xmlparse.c", "name": "XML_ErrorString"}, "arguments": [{"spelling": "code", "type_spelling": "enum XML_Error", "typing": "enum", "is_function": false, "is_ptr": false, "is_const": false}]}, "new": {"displayname": "XML_ErrorString(enum XML_Error)", "ident": {"spelling": "XML_ErrorString", "type_spelling": "char*", "typing": "char_s", "is_function": true, "is_ptr": true, "is_const": true}, "location": {"line": 2350, "column": 1, "filepath": "expat/lib/xmlparse.c", "name": "XML_ErrorString"}, "arguments": [{"spelling": "code", "type_spelling": "enum XML_Error", "typing": "enum", "is_function": false, "is_ptr": false, "is_const": false}]}, "invokes_changed_functions": [], "direct_change": true, "point_of_divergence": {"line": 2240, "column": 17, "filepath": "/home/jonas/.cache/euf/libexpat-90ed5777/expat/lib/xmlparse.c", "name": ""}}, "call_location": {"line": 135, "column": 126, "filepath": "util/config.c", "name": "config_load_with_id"}}, {"called_function_change": {"old": {"displayname": "XML_ParserCreateNS(const XML_Char *, XML_Char)", "ident": {"spelling": "XML_ParserCreateNS", "type_spelling": "struct XML_ParserStruct*", "typing": "pointer", "is_function": true, "is_ptr": false, "is_const": false}, "location": {"line": 631, "column": 1, "filepath": "expat/lib/xmlparse.c", "name": "XML_ParserCreateNS"}, "arguments": [{"spelling": "encodingName", "type_spelling": "char*", "typing": "char_s", "is_function": false, "is_ptr": true, "is_const": true}, {"spelling": "nsSep", "type_spelling": "char", "typing": "char_s", "is_function": false, "is_ptr": false, "is_const": false}]}, "new": {"displayname": "XML_ParserCreateNS(const XML_Char *, XML_Char)", "ident": {"spelling": "XML_ParserCreateNS", "type_spelling": "struct XML_ParserStruct*", "typing": "pointer", "is_function": true, "is_ptr": false, "is_const": false}, "location": {"line": 721, "column": 1, "filepath": "expat/lib/xmlparse.c", "name": "XML_ParserCreateNS"}, "arguments": [{"spelling": "encodingName", "type_spelling": "char*", "typing": "char_s", "is_function": false, "is_ptr": true, "is_const": true}, {"spelling": "nsSep", "type_spelling": "char", "typing": "char_s", "is_function": false, "is_ptr": false, "is_const": false}]}, "invokes_changed_functions": [], "direct_change": true, "point_of_divergence": {"line": 632, "column": 12, "filepath": "/home/jonas/.cache/euf/libexpat-90ed5777/expat/lib/xmlparse.c", "name": ""}}, "call_location": {"line": 1437, "column": 9, "filepath": "util/nad.c", "name": "nad_parse"}}, {"called_function_change": {"old": {"displayname": "", "ident": {"spelling": "", "type_spelling": "", "typing": "", "is_function": false, "is_ptr": false, "is_const": false}, "location": {"line": -1, "column": -1, "filepath": "", "name": ""}, "arguments": []}, "new": {"displayname": "XML_Parse(XML_Parser, const char *, int, int)", "ident": {"spelling": "XML_Parse", "type_spelling": "enum XML_Status", "typing": "enum", "is_function": true, "is_ptr": false, "is_const": false}, "location": {"line": 1819, "column": 1, "filepath": "expat/lib/xmlparse.c", "name": "XML_Parse"}, "arguments": [{"spelling": "parser", "type_spelling": "struct XML_ParserStruct*", "typing": "pointer", "is_function": false, "is_ptr": false, "is_const": false}, {"spelling": "s", "type_spelling": "char*", "typing": "char_s", "is_function": false, "is_ptr": true, "is_const": true}, {"spelling": "len", "type_spelling": "int", "typing": "int", "is_function": false, "is_ptr": false, "is_const": false}, {"spelling": "isFinal", "type_spelling": "int", "typing": "int", "is_function": false, "is_ptr": false, "is_const": false}]}, "invokes_changed_functions": ["expat/lib/xmlparse.c:1962:18:XML_GetBuffer()", "expat/lib/xmlparse.c:1967:14:XML_ParseBuffer()"], "direct_change": false, "point_of_divergence": {"line": -1, "column": -1, "filepath": "", "name": ""}}, "call_location": {"line": 1462, "column": 9, "filepath": "util/nad.c", "name": "nad_parse"}}]